Archive member included because of file (symbol)

/opt/local/lib/gcc/avr/4.9.1/../../../../avr/lib/avr51/libprintf_min.a(vfprintf_min.o)
                              (vfprintf)
/opt/local/lib/gcc/avr/4.9.1/avr51/libgcc.a(_muluhisi3.o)
                              ../../src/kernel/source/nrk_stats.o (__muluhisi3)
/opt/local/lib/gcc/avr/4.9.1/avr51/libgcc.a(_mulsi3.o)
                              ../../src/kernel/source/nrk_time.o (__mulsi3)
/opt/local/lib/gcc/avr/4.9.1/avr51/libgcc.a(_udivmodsi4.o)
                              ../../src/kernel/source/nrk_stats.o (__udivmodsi4)
/opt/local/lib/gcc/avr/4.9.1/avr51/libgcc.a(_udivdi3.o)
                              ../../src/kernel/source/nrk_time.o (__udivdi3)
/opt/local/lib/gcc/avr/4.9.1/avr51/libgcc.a(_udivmod64.o)
                              /opt/local/lib/gcc/avr/4.9.1/avr51/libgcc.a(_udivdi3.o) (__udivmod64)
/opt/local/lib/gcc/avr/4.9.1/avr51/libgcc.a(_exit.o)
                              /opt/local/lib/gcc/avr/4.9.1/../../../../avr/lib/avr51/crtm128rfa1.o (exit)
/opt/local/lib/gcc/avr/4.9.1/avr51/libgcc.a(_tablejump.o)
                              ../../src/platform/firefly3/source/ulib.o (__tablejump2__)
/opt/local/lib/gcc/avr/4.9.1/avr51/libgcc.a(_copy_data.o)
                              main.o (__do_copy_data)
/opt/local/lib/gcc/avr/4.9.1/avr51/libgcc.a(_clear_bss.o)
                              main.o (__do_clear_bss)
/opt/local/lib/gcc/avr/4.9.1/avr51/libgcc.a(_umulhisi3.o)
                              /opt/local/lib/gcc/avr/4.9.1/avr51/libgcc.a(_muluhisi3.o) (__umulhisi3)
/opt/local/lib/gcc/avr/4.9.1/../../../../avr/lib/avr51/libc.a(strchr_P.o)
                              /opt/local/lib/gcc/avr/4.9.1/../../../../avr/lib/avr51/libprintf_min.a(vfprintf_min.o) (strchr_P)
/opt/local/lib/gcc/avr/4.9.1/../../../../avr/lib/avr51/libc.a(memcpy.o)
                              ../../src/radio/rf231_soc/source/basic_rf.o (memcpy)
/opt/local/lib/gcc/avr/4.9.1/../../../../avr/lib/avr51/libc.a(strncmp.o)
                              ../../src/radio/rf231_soc/source/basic_rf.o (strncmp)
/opt/local/lib/gcc/avr/4.9.1/../../../../avr/lib/avr51/libc.a(fdevopen.o)
                              ../../src/platform/firefly3/source/ulib.o (fdevopen)
/opt/local/lib/gcc/avr/4.9.1/../../../../avr/lib/avr51/libc.a(fputc.o)
                              ../../src/platform/firefly3/source/ulib.o (fputc)
/opt/local/lib/gcc/avr/4.9.1/../../../../avr/lib/avr51/libc.a(iob.o)
                              ../../src/platform/firefly3/source/ulib.o (__iob)
/opt/local/lib/gcc/avr/4.9.1/../../../../avr/lib/avr51/libc.a(printf.o)
                              main.o (printf)
/opt/local/lib/gcc/avr/4.9.1/../../../../avr/lib/avr51/libc.a(putchar.o)
                              ../../src/radio/rf231_soc/source/basic_rf.o (putchar)
/opt/local/lib/gcc/avr/4.9.1/../../../../avr/lib/avr51/libc.a(puts.o)
                              main.o (puts)
/opt/local/lib/gcc/avr/4.9.1/../../../../avr/lib/avr51/libc.a(sprintf.o)
                              ../../src/kernel/source/nrk_error.o (sprintf)
/opt/local/lib/gcc/avr/4.9.1/../../../../avr/lib/avr51/libc.a(ultoa_invert.o)
                              /opt/local/lib/gcc/avr/4.9.1/../../../../avr/lib/avr51/libprintf_min.a(vfprintf_min.o) (__ultoa_invert)
/opt/local/lib/gcc/avr/4.9.1/../../../../avr/lib/avr51/libc.a(eerd_byte_atmega128rfa1.o)
                              ../../src/platform/firefly3/source/nrk_eeprom.o (__eerd_byte_m128rfa1)
/opt/local/lib/gcc/avr/4.9.1/../../../../avr/lib/avr51/libc.a(eewr_byte_atmega128rfa1.o)
                              ../../src/platform/firefly3/source/nrk_eeprom.o (__eewr_byte_m128rfa1)
/opt/local/lib/gcc/avr/4.9.1/../../../../avr/lib/avr51/libc.a(calloc.o)
                              /opt/local/lib/gcc/avr/4.9.1/../../../../avr/lib/avr51/libc.a(fdevopen.o) (calloc)
/opt/local/lib/gcc/avr/4.9.1/../../../../avr/lib/avr51/libc.a(malloc.o)
                              /opt/local/lib/gcc/avr/4.9.1/../../../../avr/lib/avr51/libc.a(calloc.o) (malloc)
/opt/local/lib/gcc/avr/4.9.1/../../../../avr/lib/avr51/libc.a(memset.o)
                              /opt/local/lib/gcc/avr/4.9.1/../../../../avr/lib/avr51/libc.a(calloc.o) (memset)

Allocating common symbols
Common symbol       size              file

rx_ctr              0x4               ../../src/radio/rf231_soc/source/basic_rf.o
t                   0x1               ../../src/kernel/source/nrk_scheduler.o
_free_node          0x2               ../../src/kernel/source/nrk.o
app_timer0_callback
                    0x2               main.o
nrk_task_TCB        0xd7              ../../src/kernel/source/nrk.o
next_next_wakeup    0x2               ../../src/kernel/source/nrk.o
ext_int1_callback   0x2               ../../src/kernel/hal/atmega128rfa1/nrk_ext_int.o
radio_sem           0x2               ../../src/radio/rf231_soc/source/basic_rf.o
use_glossy          0x1               ../../src/radio/rf231_soc/source/basic_rf.o
[...]
Memory Configuration

Name             Origin             Length             Attributes
text             0x0000000000000000 0x0000000000020000 xr
data             0x0000000000800100 0x000000000000ff00 rw !x
eeprom           0x0000000000810000 0x0000000000010000 rw !x
fuse             0x0000000000820000 0x0000000000000400 rw !x
lock             0x0000000000830000 0x0000000000000400 rw !x
signature        0x0000000000840000 0x0000000000000400 rw !x
*default*        0x0000000000000000 0xffffffffffffffff

Linker script and memory map

Address of section .data set to 0x800200
LOAD /opt/local/lib/gcc/avr/4.9.1/../../../../avr/lib/avr51/crtm128rfa1.o
LOAD main.o
LOAD TWI_Master.o
LOAD ../../src/radio/rf231_soc/source/basic_rf.o
LOAD ../../src/platform/firefly3/source/ulib.o
LOAD ../../src/platform/firefly3/source/hal_wait.o
LOAD ../../src/platform/firefly3/source/nrk_eeprom.o
LOAD ../../src/kernel/source/nrk.o
LOAD ../../src/kernel/source/nrk_stats.o
LOAD ../../src/kernel/source/nrk_error.o
LOAD ../../src/kernel/source/nrk_stack_check.o
LOAD ../../src/kernel/source/nrk_events.o
LOAD ../../src/kernel/source/nrk_task.o
LOAD ../../src/kernel/source/nrk_time.o
LOAD ../../src/kernel/source/nrk_idle_task.o
LOAD ../../src/kernel/source/nrk_scheduler.o
LOAD ../../src/kernel/source/nrk_driver.o
LOAD ../../src/kernel/source/nrk_reserve.o
LOAD ../../src/kernel/source/nrk_sw_wdt.o
LOAD ../../src/kernel/hal/atmega128rfa1/nrk_timer.o
LOAD ../../src/kernel/hal/atmega128rfa1/nrk_status.o
LOAD ../../src/kernel/hal/atmega128rfa1/nrk_ext_int.o
LOAD ../../src/kernel/hal/atmega128rfa1/nrk_watchdog.o
LOAD ../../src/kernel/hal/atmega128rfa1/nrk_cpu.o
LOAD ../../src/kernel/hal/atmega128rfa1/atmel_hw_specific.o
LOAD /opt/local/lib/gcc/avr/4.9.1/../../../../avr/lib/avr51/libprintf_min.a
LOAD /opt/local/lib/gcc/avr/4.9.1/../../../../avr/lib/avr51/libm.a
START GROUP
LOAD /opt/local/lib/gcc/avr/4.9.1/avr51/libgcc.a
LOAD /opt/local/lib/gcc/avr/4.9.1/../../../../avr/lib/avr51/libm.a
LOAD /opt/local/lib/gcc/avr/4.9.1/../../../../avr/lib/avr51/libc.a
END GROUP

.hash
 *(.hash)

.dynsym
 *(.dynsym)

.dynstr
 *(.dynstr)

.gnu.version
 *(.gnu.version)

.gnu.version_d
 *(.gnu.version_d)

.gnu.version_r
 *(.gnu.version_r)

.rel.init
 *(.rel.init)

.rela.init
 *(.rela.init)

.rel.text
 *(.rel.text)
 *(.rel.text.*)
 *(.rel.gnu.linkonce.t*)

.rela.text
 *(.rela.text)
 *(.rela.text.*)
 *(.rela.gnu.linkonce.t*)

.rel.fini
 *(.rel.fini)

.rela.fini
 *(.rela.fini)

.rel.rodata
 *(.rel.rodata)
 *(.rel.rodata.*)
 *(.rel.gnu.linkonce.r*)

.rela.rodata
 *(.rela.rodata)
 *(.rela.rodata.*)
 *(.rela.gnu.linkonce.r*)

.rel.data
 *(.rel.data)
 *(.rel.data.*)
 *(.rel.gnu.linkonce.d*)

.rela.data
 *(.rela.data)
 *(.rela.data.*)
 *(.rela.gnu.linkonce.d*)

.rel.ctors
 *(.rel.ctors)

.rela.ctors
 *(.rela.ctors)

.rel.dtors
 *(.rel.dtors)

.rela.dtors
 *(.rela.dtors)

.rel.got
 *(.rel.got)

.rela.got
 *(.rela.got)

.rel.bss
 *(.rel.bss)

.rela.bss
 *(.rela.bss)

.rel.plt
 *(.rel.plt)

.rela.plt
 *(.rela.plt)

.text           0x0000000000000000     0x5914
 *(.vectors)
 .vectors       0x0000000000000000      0x120 /opt/local/lib/gcc/avr/4.9.1/../../../../avr/lib/avr51/crtm128rfa1.o
                0x0000000000000000                __vectors
 *(.vectors)
 *(.progmem.gcc*)
 .progmem.gcc_sw_table
                0x0000000000000120       0x54 ../../src/platform/firefly3/source/ulib.o
 .progmem.gcc_sw_table
                0x0000000000000174       0x40 ../../src/kernel/source/nrk_error.o
                0x00000000000001b4                . = ALIGN (0x2)
                0x00000000000001b4                __trampolines_start = .
 *(.trampolines)
 .trampolines   0x00000000000001b4        0x0 linker stubs
 *(.trampolines*)
                0x00000000000001b4                __trampolines_end = .
 *(.progmem*)
 .progmem.data  0x00000000000001b4       0xec ../../src/kernel/source/nrk_stats.o
 .progmem.data  0x00000000000002a0      0x248 ../../src/kernel/source/nrk_error.o
 .progmem.data  0x00000000000004e8        0xf ../../src/kernel/source/nrk_stack_check.o
 .progmem.data  0x00000000000004f7       0x17 /opt/local/lib/gcc/avr/4.9.1/../../../../avr/lib/avr51/libprintf_min.a(vfprintf_min.o)
                0x000000000000050e                . = ALIGN (0x2)
 *(.jumptables)
 *(.jumptables*)
 *(.lowtext)
 *(.lowtext*)
                0x000000000000050e                __ctors_start = .
 *(.ctors)
                0x000000000000050e                __ctors_end = .
                0x000000000000050e                __dtors_start = .
 *(.dtors)
                0x000000000000050e                __dtors_end = .
 SORT(*)(.ctors)
 SORT(*)(.dtors)
 *(.init0)
 .init0         0x000000000000050e        0x0 /opt/local/lib/gcc/avr/4.9.1/../../../../avr/lib/avr51/crtm128rfa1.o
                0x000000000000050e                __init
 *(.init0)
 *(.init1)
 *(.init1)
 *(.init2)
 .init2         0x000000000000050e        0xc /opt/local/lib/gcc/avr/4.9.1/../../../../avr/lib/avr51/crtm128rfa1.o
 *(.init2)
 *(.init3)
 *(.init3)
 *(.init4)
 .init4         0x000000000000051a       0x1a /opt/local/lib/gcc/avr/4.9.1/avr51/libgcc.a(_copy_data.o)
                0x000000000000051a                __do_copy_data
 .init4         0x0000000000000534       0x10 /opt/local/lib/gcc/avr/4.9.1/avr51/libgcc.a(_clear_bss.o)
                0x0000000000000534                __do_clear_bss
 *(.init4)
 *(.init5)
 *(.init5)
 *(.init6)
 *(.init6)
 *(.init7)
 *(.init7)
 *(.init8)
 *(.init8)
 *(.init9)
 .init9         0x0000000000000544        0x8 /opt/local/lib/gcc/avr/4.9.1/../../../../avr/lib/avr51/crtm128rfa1.o
 *(.init9)
 *(.text)
 .text          0x000000000000054c        0x4 /opt/local/lib/gcc/avr/4.9.1/../../../../avr/lib/avr51/crtm128rfa1.o
                0x000000000000054c                __vector_65
                0x000000000000054c                __vector_22
                0x000000000000054c                __vector_28
                0x000000000000054c                __vector_67
                0x000000000000054c                __vector_71
                0x000000000000054c                __vector_34
                0x000000000000054c                __vector_24
                0x000000000000054c                __vector_12
                0x000000000000054c                __vector_55
                0x000000000000054c                __vector_69
                0x000000000000054c                __vector_46
                0x000000000000054c                __bad_interrupt
                0x000000000000054c                __vector_6
                0x000000000000054c                __vector_31
                0x000000000000054c                __vector_35
                0x000000000000054c                __vector_23
                0x000000000000054c                __vector_68
                0x000000000000054c                __vector_30
                0x000000000000054c                __vector_45
                0x000000000000054c                __vector_25
                0x000000000000054c                __vector_11
                0x000000000000054c                __vector_54
                0x000000000000054c                __vector_17
                0x000000000000054c                __vector_19
                0x000000000000054c                __vector_56
                0x000000000000054c                __vector_7
                0x000000000000054c                __vector_49
                0x000000000000054c                __vector_41
                0x000000000000054c                __vector_43
                0x000000000000054c                __vector_27
                0x000000000000054c                __vector_5
                0x000000000000054c                __vector_33
                0x000000000000054c                __vector_47
                0x000000000000054c                __vector_52
                0x000000000000054c                __vector_37
                0x000000000000054c                __vector_4
                0x000000000000054c                __vector_44
                0x000000000000054c                __vector_51
                0x000000000000054c                __vector_21
                0x000000000000054c                __vector_66
                0x000000000000054c                __vector_36
                0x000000000000054c                __vector_70
                0x000000000000054c                __vector_29
                0x000000000000054c                __vector_40
                0x000000000000054c                __vector_8
                0x000000000000054c                __vector_26
                0x000000000000054c                __vector_48
                0x000000000000054c                __vector_14
                0x000000000000054c                __vector_53
                0x000000000000054c                __vector_10
                0x000000000000054c                __vector_50
                0x000000000000054c                __vector_16
                0x000000000000054c                __vector_18
                0x000000000000054c                __vector_20
                0x000000000000054c                __vector_42
                0x000000000000054c                __vector_38
 .text          0x0000000000000550      0x146 main.o
                0x0000000000000550                Task_Accelorometer
                0x0000000000000556                TWI_Act_On_Failure_In_Last_Transmission
                0x0000000000000584                init_adxl345
                0x000000000000061e                nrk_create_taskset
 .text          0x0000000000000696      0x1a4 TWI_Master.o
                0x0000000000000696                TWI_Master_Initialise
                0x00000000000006aa                TWI_Transceiver_Busy
                0x00000000000006b2                TWI_Get_State_Info
                0x00000000000006c0                TWI_Start_Transceiver_With_Data
                0x0000000000000704                TWI_Start_Transceiver
                0x000000000000071e                TWI_Get_Data_From_Transceiver
                0x000000000000074c                __vector_39
 .text          0x000000000000083a      0xa44 ../../src/radio/rf231_soc/source/basic_rf.o
                0x000000000000084a                set_wireless_prog
                0x0000000000000850                rf_enable_glossy
                0x0000000000000858                rf_disable_glossy
                0x000000000000085e                rf_power_down
                0x00000000000008aa                rf_power_up
                0x00000000000008d6                rf_tx_power
                0x00000000000008ea                rf_addr_decode_enable
                0x00000000000008f6                rf_addr_decode_disable
                0x0000000000000902                rf_auto_ack_enable
                0x000000000000090e                rf_auto_ack_disable
                0x000000000000091a                rf_addr_decode_set_my_mac
                0x000000000000092c                rf_set_rx
                0x0000000000000946                rx_start_callback
                0x0000000000000950                rx_end_callback
                0x000000000000095a                rf_init
                0x0000000000000a32                rf_rx_on
                0x0000000000000a38                rf_polling_rx_on
                0x0000000000000a3e                rf_rx_off
                0x0000000000000a44                rf_tx_packet
                0x0000000000000bbc                rf_cca_check
                0x0000000000000c20                rf_rx_packet_nonblock
                0x0000000000000df8                __vector_64
                0x0000000000000e16                __vector_63
                0x0000000000000e34                __vector_62
                0x0000000000000e52                __vector_61
                0x0000000000000e70                __vector_59
                0x0000000000000ed0                __vector_58
                0x0000000000000eee                __vector_57
                0x0000000000000f0c                rf_set_cca_thresh
                0x0000000000000f20                rf_security_last_pkt_status
                0x0000000000000f24                rf_security_set_ctr_counter
                0x0000000000000f26                rf_security_set_key
                0x0000000000000f28                rf_security_disable
                0x0000000000000f2a                rf_tx_tdma_packet
                0x0000000000000f2e                rf_get_sem
                0x0000000000000f38                rf_flush_rx_fifo
                0x0000000000000f3a                rf_busy
                0x0000000000000f3e                rf_rx_check_fifop
                0x0000000000000f42                rf_rx_check_sfd
                0x0000000000000f46                rf_carrier_on
                0x0000000000000f48                rf_carrier_off
                0x0000000000000f4a                rf_test_mode
                0x0000000000000f4c                rf_data_mode
                0x0000000000000f4e                rf_rx_set_serial
                0x0000000000000f50                rf_tx_set_serial
                0x0000000000000f52                rf_set_preamble_length
                0x0000000000000f54                rf_set_cca_mode
                0x0000000000000f56                rf_cc2591_tx_on
                0x0000000000000f66                rf_cc2591_rx_on
                0x0000000000000f76                rf_glossy_interrupt
                0x0000000000001050                __vector_60
                0x00000000000010d0                aes_setkey
                0x0000000000001114                aes_encrypt
                0x00000000000011b2                aes_decrypt
 .text          0x000000000000127e      0x7e2 ../../src/platform/firefly3/source/ulib.o
                0x000000000000127e                getc0
                0x0000000000001296                putc0
                0x00000000000012ae                nrk_uart_rx_signal_get
                0x00000000000012b2                nrk_uart_data_ready
                0x00000000000012d0                nrk_kprintf
                0x00000000000012fa                PORT_INIT
                0x000000000000130e                nrk_setup_ports
                0x0000000000001312                nrk_gpio_set
                0x00000000000013f4                nrk_gpio_clr
                0x00000000000014e4                nrk_gpio_get
                0x0000000000001538                nrk_gpio_toggle
                0x000000000000174e                nrk_gpio_direction
                0x0000000000001902                nrk_get_button
                0x0000000000001916                nrk_led_toggle
                0x0000000000001944                nrk_led_clr
                0x0000000000001972                nrk_led_set
                0x00000000000019a0                nrk_gpio_pullups
                0x00000000000019b4                putc1
                0x00000000000019c2                setup_uart0
                0x00000000000019ec                setup_uart1
                0x0000000000001a16                nrk_setup_uart
                0x0000000000001a48                getc1
 .text          0x0000000000001a60        0xe ../../src/platform/firefly3/source/hal_wait.o
                0x0000000000001a60                halWait
 .text          0x0000000000001a6e      0x13e ../../src/platform/firefly3/source/nrk_eeprom.o
                0x0000000000001a6e                nrk_eeprom_read_byte
                0x0000000000001a72                nrk_eeprom_write_byte
                0x0000000000001a78                read_eeprom_mac_address
                0x0000000000001ae4                read_eeprom_channel
                0x0000000000001afc                write_eeprom_load_img_pages
                0x0000000000001b0c                read_eeprom_load_img_pages
                0x0000000000001b24                read_eeprom_aes_key
                0x0000000000001b54                write_eeprom_aes_key
                0x0000000000001b84                read_eeprom_current_image_checksum
                0x0000000000001b9c                write_eeprom_current_image_checksum
 .text          0x0000000000001bac      0x354 ../../src/kernel/source/nrk.o
                0x0000000000001bac                nrk_int_disable
                0x0000000000001bb0                nrk_int_enable
                0x0000000000001bb4                nrk_halt
                0x0000000000001bba                nrk_init
                0x0000000000001d08                nrk_start
                0x0000000000001d8a                nrk_TCB_init
                0x0000000000001ef6                _nrk_timer_tick
                0x0000000000001efa                nrk_version
 .text          0x0000000000001f00      0x688 ../../src/kernel/source/nrk_stats.o
                0x0000000000001f00                nrk_stats_reset
                0x0000000000001f74                _nrk_stats_sleep
                0x0000000000001fb2                nrk_stats_get_deep_sleep
                0x0000000000001fde                _nrk_stats_add_violation
                0x0000000000002002                _nrk_stats_task_start
                0x0000000000002044                _nrk_stats_task_preempted
                0x00000000000020be                _nrk_stats_task_suspend
                0x000000000000217e                nrk_stats_display_pid
                0x00000000000024b8                nrk_stats_display_all
                0x00000000000024d4                nrk_stats_get
 .text          0x0000000000002588      0x484 ../../src/kernel/source/nrk_error.o
                0x0000000000002588                _nrk_errno_set
                0x0000000000002594                nrk_errno_get
                0x00000000000025a0                _nrk_log_error
                0x000000000000269a                nrk_error_get
                0x00000000000026b2                nrk_error_print
                0x00000000000027c6                clear_regs
                0x0000000000002826                nrk_error_handle
                0x0000000000002858                nrk_error_add
                0x0000000000002876                nrk_kernel_error_add
                0x000000000000288a                pause
                0x00000000000028b4                blink_dash
                0x00000000000028d4                blink_dot
                0x00000000000028ec                blink_morse_code_error
 .text          0x0000000000002a0c      0x1da ../../src/kernel/source/nrk_stack_check.o
                0x0000000000002a0c                dump_stack_info
                0x0000000000002b66                nrk_stack_check
                0x0000000000002bb0                nrk_stack_check_pid
 .text          0x0000000000002be6      0x5e4 ../../src/kernel/source/nrk_events.o
                0x0000000000002be6                nrk_signal_create
                0x0000000000002c58                nrk_signal_get_registered_mask
                0x0000000000002c6a                nrk_signal_delete
                0x0000000000002d88                nrk_signal_unregister
                0x0000000000002e06                nrk_signal_register
                0x0000000000002e6a                nrk_event_signal
                0x0000000000002f4c                nrk_event_wait
                0x0000000000002fc0                nrk_sem_create
                0x0000000000002fc6                nrk_get_resource_index
                0x0000000000002fd6                nrk_sem_query
                0x000000000000300a                nrk_sem_pend
                0x00000000000030c8                nrk_sem_post
                0x0000000000003184                nrk_sem_delete
 .text          0x00000000000031ca      0x6a4 ../../src/kernel/source/nrk_task.o
                0x00000000000031ca                nrk_get_high_ready_task_ID
                0x00000000000031d6                nrk_print_readyQ
                0x00000000000031ec                nrk_add_to_readyQ
                0x000000000000334c                nrk_rem_from_readyQ
                0x00000000000033ec                nrk_activate_task
                0x0000000000003482                nrk_set_next_wakeup
                0x00000000000034fc                _nrk_wait_for_scheduler
                0x0000000000003510                nrk_wait_until_next_period
                0x0000000000003564                nrk_terminate_task
                0x0000000000003586                nrk_wait_until_next_n_periods
                0x00000000000035e6                nrk_wait_ticks
                0x000000000000365e                nrk_wait_until_ticks
                0x00000000000036bc                nrk_wait_until_nw
                0x0000000000003708                nrk_wait
                0x00000000000037b6                nrk_wait_until
                0x0000000000003862                nrk_get_pid
 .text          0x000000000000386e      0x514 ../../src/kernel/source/nrk_time.o
                0x000000000000386e                nrk_time_get
                0x0000000000003928                nrk_time_sub
                0x0000000000003a40                nrk_time_compact_nanos
                0x0000000000003a82                nrk_time_add
                0x0000000000003b38                nrk_time_set
                0x0000000000003b4e                _nrk_time_to_ticks
                0x0000000000003c38                _nrk_ticks_to_time
                0x0000000000003ca6                _nrk_time_to_ticks_long
 .text          0x0000000000003d82       0x34 ../../src/kernel/source/nrk_idle_task.o
                0x0000000000003d82                nrk_idle_task
 .text          0x0000000000003db6      0x56a ../../src/kernel/source/nrk_scheduler.o
                0x0000000000003db6                _nrk_scheduler
 .text          0x0000000000004320        0x0 ../../src/kernel/source/nrk_driver.o
 .text          0x0000000000004320        0x0 ../../src/kernel/source/nrk_reserve.o
 .text          0x0000000000004320      0x294 ../../src/kernel/source/nrk_sw_wdt.o
                0x0000000000004320                _nrk_sw_wdt_check
                0x000000000000440c                _nrk_sw_wdt_init
                0x0000000000004418                nrk_sw_wdt_init
                0x0000000000004460                nrk_sw_wdt_update
                0x000000000000450e                nrk_sw_wdt_start
                0x000000000000459a                nrk_sw_wdt_stop
 .text          0x00000000000045b4      0x394 ../../src/kernel/hal/atmega128rfa1/nrk_timer.o
                0x00000000000045b4                nrk_spin_wait_us
                0x00000000000045d2                _nrk_precision_os_timer_stop
                0x00000000000045d8                _nrk_precision_os_timer_start
                0x00000000000045ec                _nrk_precision_os_timer_reset
                0x00000000000045f6                _nrk_precision_os_timer_get
                0x000000000000461a                _nrk_high_speed_timer_stop
                0x0000000000004620                _nrk_high_speed_timer_start
                0x0000000000004628                _nrk_high_speed_timer_reset
                0x0000000000004638                _nrk_high_speed_timer_get
                0x000000000000465c                nrk_high_speed_timer_wait
                0x00000000000046bc                _nrk_os_timer_stop
                0x00000000000046d2                _nrk_os_timer_set
                0x00000000000046d8                _nrk_os_timer_start
                0x00000000000046ea                _nrk_os_timer_reset
                0x00000000000046fe                _nrk_setup_timer
                0x0000000000004784                _nrk_get_next_wakeup
                0x000000000000478c                _nrk_set_next_wakeup
                0x0000000000004794                nrk_timer_int_stop
                0x00000000000047a0                nrk_timer_int_reset
                0x00000000000047b4                nrk_timer_int_read
                0x00000000000047c8                nrk_timer_int_start
                0x00000000000047da                nrk_timer_int_configure
                0x0000000000004850                _nrk_os_timer_get
                0x0000000000004856                __vector_default
                0x000000000000486a                __vector_13
                0x000000000000486a                __vector_15
                0x00000000000048d0                __vector_32
                0x0000000000004934                SIG_OUTPUT_COMPARE1A
 .text          0x0000000000004948       0x4c ../../src/kernel/hal/atmega128rfa1/nrk_status.o
                0x0000000000004948                _nrk_startup_error
 .text          0x0000000000004994      0x3a8 ../../src/kernel/hal/atmega128rfa1/nrk_ext_int.o
                0x0000000000004994                nrk_ext_int_enable
                0x0000000000004a16                nrk_ext_int_disable
                0x0000000000004a98                nrk_ext_int_configure
                0x0000000000004bac                __vector_9
                0x0000000000004c10                __vector_1
                0x0000000000004c74                __vector_2
                0x0000000000004cd8                __vector_3
 .text          0x0000000000004d3c       0x4c ../../src/kernel/hal/atmega128rfa1/nrk_watchdog.o
                0x0000000000004d3c                nrk_watchdog_disable
                0x0000000000004d58                nrk_watchdog_enable
                0x0000000000004d76                nrk_watchdog_check
                0x0000000000004d84                nrk_watchdog_reset
 .text          0x0000000000004d88      0x124 ../../src/kernel/hal/atmega128rfa1/nrk_cpu.o
                0x0000000000004d88                nrk_battery_save
                0x0000000000004d8a                nrk_sleep
                0x0000000000004da2                nrk_idle
                0x0000000000004db8                nrk_task_set_entry_function
                0x0000000000004dc0                nrk_task_set_stk
                0x0000000000004dfc                nrk_task_stk_init
                0x0000000000004e78                nrk_stack_pointer_init
                0x0000000000004e96                nrk_stack_pointer_restore
                0x0000000000004ea4                nrk_target_start
 .text          0x0000000000004eac       0x56 ../../src/kernel/hal/atmega128rfa1/atmel_hw_specific.o
                0x0000000000004eac                nrk_start_high_ready_task
 .text          0x0000000000004f02        0x0 /opt/local/lib/gcc/avr/4.9.1/../../../../avr/lib/avr51/libprintf_min.a(vfprintf_min.o)
 .text          0x0000000000004f02        0x0 /opt/local/lib/gcc/avr/4.9.1/avr51/libgcc.a(_muluhisi3.o)
 .text          0x0000000000004f02        0x0 /opt/local/lib/gcc/avr/4.9.1/avr51/libgcc.a(_mulsi3.o)
 .text          0x0000000000004f02        0x0 /opt/local/lib/gcc/avr/4.9.1/avr51/libgcc.a(_udivmodsi4.o)
 .text          0x0000000000004f02        0x0 /opt/local/lib/gcc/avr/4.9.1/avr51/libgcc.a(_udivdi3.o)
 .text          0x0000000000004f02        0x0 /opt/local/lib/gcc/avr/4.9.1/avr51/libgcc.a(_udivmod64.o)
 .text          0x0000000000004f02        0x0 /opt/local/lib/gcc/avr/4.9.1/avr51/libgcc.a(_exit.o)
 .text          0x0000000000004f02        0x0 /opt/local/lib/gcc/avr/4.9.1/avr51/libgcc.a(_tablejump.o)
 .text          0x0000000000004f02        0x0 /opt/local/lib/gcc/avr/4.9.1/avr51/libgcc.a(_copy_data.o)
 .text          0x0000000000004f02        0x0 /opt/local/lib/gcc/avr/4.9.1/avr51/libgcc.a(_clear_bss.o)
 .text          0x0000000000004f02        0x0 /opt/local/lib/gcc/avr/4.9.1/avr51/libgcc.a(_umulhisi3.o)
 .text          0x0000000000004f02        0x0 /opt/local/lib/gcc/avr/4.9.1/../../../../avr/lib/avr51/libc.a(strchr_P.o)
 .text          0x0000000000004f02        0x0 /opt/local/lib/gcc/avr/4.9.1/../../../../avr/lib/avr51/libc.a(memcpy.o)
 .text          0x0000000000004f02        0x0 /opt/local/lib/gcc/avr/4.9.1/../../../../avr/lib/avr51/libc.a(strncmp.o)
 .text          0x0000000000004f02        0x0 /opt/local/lib/gcc/avr/4.9.1/../../../../avr/lib/avr51/libc.a(fdevopen.o)
 .text          0x0000000000004f02        0x0 /opt/local/lib/gcc/avr/4.9.1/../../../../avr/lib/avr51/libc.a(fputc.o)
 .text          0x0000000000004f02        0x0 /opt/local/lib/gcc/avr/4.9.1/../../../../avr/lib/avr51/libc.a(iob.o)
 .text          0x0000000000004f02        0x0 /opt/local/lib/gcc/avr/4.9.1/../../../../avr/lib/avr51/libc.a(printf.o)
 .text          0x0000000000004f02        0x0 /opt/local/lib/gcc/avr/4.9.1/../../../../avr/lib/avr51/libc.a(putchar.o)
 .text          0x0000000000004f02        0x0 /opt/local/lib/gcc/avr/4.9.1/../../../../avr/lib/avr51/libc.a(puts.o)
 .text          0x0000000000004f02        0x0 /opt/local/lib/gcc/avr/4.9.1/../../../../avr/lib/avr51/libc.a(sprintf.o)
 .text          0x0000000000004f02        0x0 /opt/local/lib/gcc/avr/4.9.1/../../../../avr/lib/avr51/libc.a(ultoa_invert.o)
 .text          0x0000000000004f02        0x0 /opt/local/lib/gcc/avr/4.9.1/../../../../avr/lib/avr51/libc.a(eerd_byte_atmega128rfa1.o)
 .text          0x0000000000004f02        0x0 /opt/local/lib/gcc/avr/4.9.1/../../../../avr/lib/avr51/libc.a(eewr_byte_atmega128rfa1.o)
 .text          0x0000000000004f02        0x0 /opt/local/lib/gcc/avr/4.9.1/../../../../avr/lib/avr51/libc.a(calloc.o)
 .text          0x0000000000004f02        0x0 /opt/local/lib/gcc/avr/4.9.1/../../../../avr/lib/avr51/libc.a(malloc.o)
 .text          0x0000000000004f02        0x0 /opt/local/lib/gcc/avr/4.9.1/../../../../avr/lib/avr51/libc.a(memset.o)
                0x0000000000004f02                . = ALIGN (0x2)
 *(.text.*)
 .text.startup  0x0000000000004f02       0x58 main.o
                0x0000000000004f02                main
 .text.avr-libc
                0x0000000000004f5a      0x28e /opt/local/lib/gcc/avr/4.9.1/../../../../avr/lib/avr51/libprintf_min.a(vfprintf_min.o)
                0x0000000000004f5a                vfprintf
 .text.libgcc.mul
                0x00000000000051e8       0x16 /opt/local/lib/gcc/avr/4.9.1/avr51/libgcc.a(_muluhisi3.o)
                0x00000000000051e8                __muluhisi3
 .text.libgcc.div
                0x00000000000051fe        0x0 /opt/local/lib/gcc/avr/4.9.1/avr51/libgcc.a(_muluhisi3.o)
 .text.libgcc   0x00000000000051fe        0x0 /opt/local/lib/gcc/avr/4.9.1/avr51/libgcc.a(_muluhisi3.o)
 .text.libgcc.prologue
                0x00000000000051fe        0x0 /opt/local/lib/gcc/avr/4.9.1/avr51/libgcc.a(_muluhisi3.o)
 .text.libgcc.builtins
                0x00000000000051fe        0x0 /opt/local/lib/gcc/avr/4.9.1/avr51/libgcc.a(_muluhisi3.o)
 .text.libgcc.fmul
                0x00000000000051fe        0x0 /opt/local/lib/gcc/avr/4.9.1/avr51/libgcc.a(_muluhisi3.o)
 .text.libgcc.fixed
                0x00000000000051fe        0x0 /opt/local/lib/gcc/avr/4.9.1/avr51/libgcc.a(_muluhisi3.o)
 .text.libgcc.mul
                0x00000000000051fe       0x20 /opt/local/lib/gcc/avr/4.9.1/avr51/libgcc.a(_mulsi3.o)
                0x00000000000051fe                __mulsi3
 .text.libgcc.div
                0x000000000000521e        0x0 /opt/local/lib/gcc/avr/4.9.1/avr51/libgcc.a(_mulsi3.o)
 .text.libgcc   0x000000000000521e        0x0 /opt/local/lib/gcc/avr/4.9.1/avr51/libgcc.a(_mulsi3.o)
 .text.libgcc.prologue
                0x000000000000521e        0x0 /opt/local/lib/gcc/avr/4.9.1/avr51/libgcc.a(_mulsi3.o)
 .text.libgcc.builtins
                0x000000000000521e        0x0 /opt/local/lib/gcc/avr/4.9.1/avr51/libgcc.a(_mulsi3.o)
 .text.libgcc.fmul
                0x000000000000521e        0x0 /opt/local/lib/gcc/avr/4.9.1/avr51/libgcc.a(_mulsi3.o)
 .text.libgcc.fixed
                0x000000000000521e        0x0 /opt/local/lib/gcc/avr/4.9.1/avr51/libgcc.a(_mulsi3.o)
 .text.libgcc.mul
                0x000000000000521e        0x0 /opt/local/lib/gcc/avr/4.9.1/avr51/libgcc.a(_udivmodsi4.o)
 .text.libgcc.div
                0x000000000000521e       0x44 /opt/local/lib/gcc/avr/4.9.1/avr51/libgcc.a(_udivmodsi4.o)
                0x000000000000521e                __udivmodsi4
 .text.libgcc   0x0000000000005262        0x0 /opt/local/lib/gcc/avr/4.9.1/avr51/libgcc.a(_udivmodsi4.o)
 .text.libgcc.prologue
                0x0000000000005262        0x0 /opt/local/lib/gcc/avr/4.9.1/avr51/libgcc.a(_udivmodsi4.o)
 .text.libgcc.builtins
                0x0000000000005262        0x0 /opt/local/lib/gcc/avr/4.9.1/avr51/libgcc.a(_udivmodsi4.o)
 .text.libgcc.fmul
                0x0000000000005262        0x0 /opt/local/lib/gcc/avr/4.9.1/avr51/libgcc.a(_udivmodsi4.o)
 .text.libgcc.fixed
                0x0000000000005262        0x0 /opt/local/lib/gcc/avr/4.9.1/avr51/libgcc.a(_udivmodsi4.o)
 .text.libgcc.mul
                0x0000000000005262        0x0 /opt/local/lib/gcc/avr/4.9.1/avr51/libgcc.a(_udivdi3.o)
 .text.libgcc.div
                0x0000000000005262       0x1c /opt/local/lib/gcc/avr/4.9.1/avr51/libgcc.a(_udivdi3.o)
                0x0000000000005262                __umoddi3
                0x0000000000005266                __udivdi3
                0x0000000000005268                __udivdi3_umoddi3
 .text.libgcc   0x000000000000527e        0x0 /opt/local/lib/gcc/avr/4.9.1/avr51/libgcc.a(_udivdi3.o)
 .text.libgcc.prologue
                0x000000000000527e        0x0 /opt/local/lib/gcc/avr/4.9.1/avr51/libgcc.a(_udivdi3.o)
 .text.libgcc.builtins
                0x000000000000527e        0x0 /opt/local/lib/gcc/avr/4.9.1/avr51/libgcc.a(_udivdi3.o)
 .text.libgcc.fmul
                0x000000000000527e        0x0 /opt/local/lib/gcc/avr/4.9.1/avr51/libgcc.a(_udivdi3.o)
 .text.libgcc.fixed
                0x000000000000527e        0x0 /opt/local/lib/gcc/avr/4.9.1/avr51/libgcc.a(_udivdi3.o)
 .text.libgcc.mul
                0x000000000000527e        0x0 /opt/local/lib/gcc/avr/4.9.1/avr51/libgcc.a(_udivmod64.o)
 .text.libgcc.div
                0x000000000000527e       0xa2 /opt/local/lib/gcc/avr/4.9.1/avr51/libgcc.a(_udivmod64.o)
                0x000000000000527e                __udivmod64
 .text.libgcc   0x0000000000005320        0x0 /opt/local/lib/gcc/avr/4.9.1/avr51/libgcc.a(_udivmod64.o)
 .text.libgcc.prologue
                0x0000000000005320        0x0 /opt/local/lib/gcc/avr/4.9.1/avr51/libgcc.a(_udivmod64.o)
 .text.libgcc.builtins
                0x0000000000005320        0x0 /opt/local/lib/gcc/avr/4.9.1/avr51/libgcc.a(_udivmod64.o)
 .text.libgcc.fmul
                0x0000000000005320        0x0 /opt/local/lib/gcc/avr/4.9.1/avr51/libgcc.a(_udivmod64.o)
 .text.libgcc.fixed
                0x0000000000005320        0x0 /opt/local/lib/gcc/avr/4.9.1/avr51/libgcc.a(_udivmod64.o)
 .text.libgcc.mul
                0x0000000000005320        0x0 /opt/local/lib/gcc/avr/4.9.1/avr51/libgcc.a(_exit.o)
 .text.libgcc.div
                0x0000000000005320        0x0 /opt/local/lib/gcc/avr/4.9.1/avr51/libgcc.a(_exit.o)
 .text.libgcc   0x0000000000005320        0x0 /opt/local/lib/gcc/avr/4.9.1/avr51/libgcc.a(_exit.o)
 .text.libgcc.prologue
                0x0000000000005320        0x0 /opt/local/lib/gcc/avr/4.9.1/avr51/libgcc.a(_exit.o)
 .text.libgcc.builtins
                0x0000000000005320        0x0 /opt/local/lib/gcc/avr/4.9.1/avr51/libgcc.a(_exit.o)
 .text.libgcc.fmul
                0x0000000000005320        0x0 /opt/local/lib/gcc/avr/4.9.1/avr51/libgcc.a(_exit.o)
 .text.libgcc.fixed
                0x0000000000005320        0x0 /opt/local/lib/gcc/avr/4.9.1/avr51/libgcc.a(_exit.o)
 .text.libgcc.mul
                0x0000000000005320        0x0 /opt/local/lib/gcc/avr/4.9.1/avr51/libgcc.a(_tablejump.o)
 .text.libgcc.div
                0x0000000000005320        0x0 /opt/local/lib/gcc/avr/4.9.1/avr51/libgcc.a(_tablejump.o)
 .text.libgcc   0x0000000000005320        0xc /opt/local/lib/gcc/avr/4.9.1/avr51/libgcc.a(_tablejump.o)
                0x0000000000005320                __tablejump2__
                0x0000000000005324                __tablejump__
 .text.libgcc.prologue
                0x000000000000532c        0x0 /opt/local/lib/gcc/avr/4.9.1/avr51/libgcc.a(_tablejump.o)
 .text.libgcc.builtins
                0x000000000000532c        0x0 /opt/local/lib/gcc/avr/4.9.1/avr51/libgcc.a(_tablejump.o)
 .text.libgcc.fmul
                0x000000000000532c        0x0 /opt/local/lib/gcc/avr/4.9.1/avr51/libgcc.a(_tablejump.o)
 .text.libgcc.fixed
                0x000000000000532c        0x0 /opt/local/lib/gcc/avr/4.9.1/avr51/libgcc.a(_tablejump.o)
 .text.libgcc.mul
                0x000000000000532c        0x0 /opt/local/lib/gcc/avr/4.9.1/avr51/libgcc.a(_copy_data.o)
 .text.libgcc.div
                0x000000000000532c        0x0 /opt/local/lib/gcc/avr/4.9.1/avr51/libgcc.a(_copy_data.o)
 .text.libgcc   0x000000000000532c        0x0 /opt/local/lib/gcc/avr/4.9.1/avr51/libgcc.a(_copy_data.o)
 .text.libgcc.prologue
                0x000000000000532c        0x0 /opt/local/lib/gcc/avr/4.9.1/avr51/libgcc.a(_copy_data.o)
 .text.libgcc.builtins
                0x000000000000532c        0x0 /opt/local/lib/gcc/avr/4.9.1/avr51/libgcc.a(_copy_data.o)
 .text.libgcc.fmul
                0x000000000000532c        0x0 /opt/local/lib/gcc/avr/4.9.1/avr51/libgcc.a(_copy_data.o)
 .text.libgcc.fixed
                0x000000000000532c        0x0 /opt/local/lib/gcc/avr/4.9.1/avr51/libgcc.a(_copy_data.o)
 .text.libgcc.mul
                0x000000000000532c        0x0 /opt/local/lib/gcc/avr/4.9.1/avr51/libgcc.a(_clear_bss.o)
 .text.libgcc.div
                0x000000000000532c        0x0 /opt/local/lib/gcc/avr/4.9.1/avr51/libgcc.a(_clear_bss.o)
 .text.libgcc   0x000000000000532c        0x0 /opt/local/lib/gcc/avr/4.9.1/avr51/libgcc.a(_clear_bss.o)
 .text.libgcc.prologue
                0x000000000000532c        0x0 /opt/local/lib/gcc/avr/4.9.1/avr51/libgcc.a(_clear_bss.o)
 .text.libgcc.builtins
                0x000000000000532c        0x0 /opt/local/lib/gcc/avr/4.9.1/avr51/libgcc.a(_clear_bss.o)
 .text.libgcc.fmul
                0x000000000000532c        0x0 /opt/local/lib/gcc/avr/4.9.1/avr51/libgcc.a(_clear_bss.o)
 .text.libgcc.fixed
                0x000000000000532c        0x0 /opt/local/lib/gcc/avr/4.9.1/avr51/libgcc.a(_clear_bss.o)
 .text.libgcc.mul
                0x000000000000532c       0x1e /opt/local/lib/gcc/avr/4.9.1/avr51/libgcc.a(_umulhisi3.o)
                0x000000000000532c                __umulhisi3
 .text.libgcc.div
                0x000000000000534a        0x0 /opt/local/lib/gcc/avr/4.9.1/avr51/libgcc.a(_umulhisi3.o)
 .text.libgcc   0x000000000000534a        0x0 /opt/local/lib/gcc/avr/4.9.1/avr51/libgcc.a(_umulhisi3.o)
 .text.libgcc.prologue
                0x000000000000534a        0x0 /opt/local/lib/gcc/avr/4.9.1/avr51/libgcc.a(_umulhisi3.o)
 .text.libgcc.builtins
                0x000000000000534a        0x0 /opt/local/lib/gcc/avr/4.9.1/avr51/libgcc.a(_umulhisi3.o)
 .text.libgcc.fmul
                0x000000000000534a        0x0 /opt/local/lib/gcc/avr/4.9.1/avr51/libgcc.a(_umulhisi3.o)
 .text.libgcc.fixed
                0x000000000000534a        0x0 /opt/local/lib/gcc/avr/4.9.1/avr51/libgcc.a(_umulhisi3.o)
 .text.avr-libc
                0x000000000000534a       0x16 /opt/local/lib/gcc/avr/4.9.1/../../../../avr/lib/avr51/libc.a(strchr_P.o)
                0x000000000000534a                strchr_P
 .text.avr-libc
                0x0000000000005360       0x12 /opt/local/lib/gcc/avr/4.9.1/../../../../avr/lib/avr51/libc.a(memcpy.o)
                0x0000000000005360                memcpy
 .text.avr-libc
                0x0000000000005372       0x1c /opt/local/lib/gcc/avr/4.9.1/../../../../avr/lib/avr51/libc.a(strncmp.o)
                0x0000000000005372                strncmp
 .text.avr-libc
                0x000000000000538e       0x96 /opt/local/lib/gcc/avr/4.9.1/../../../../avr/lib/avr51/libc.a(fdevopen.o)
                0x000000000000538e                fdevopen
 .text.avr-libc
                0x0000000000005424       0x70 /opt/local/lib/gcc/avr/4.9.1/../../../../avr/lib/avr51/libc.a(fputc.o)
                0x0000000000005424                fputc
 .text.avr-libc
                0x0000000000005494       0x28 /opt/local/lib/gcc/avr/4.9.1/../../../../avr/lib/avr51/libc.a(printf.o)
                0x0000000000005494                printf
 .text.avr-libc
                0x00000000000054bc        0xc /opt/local/lib/gcc/avr/4.9.1/../../../../avr/lib/avr51/libc.a(putchar.o)
                0x00000000000054bc                putchar
 .text.avr-libc
                0x00000000000054c8       0x60 /opt/local/lib/gcc/avr/4.9.1/../../../../avr/lib/avr51/libc.a(puts.o)
                0x00000000000054c8                puts
 .text.avr-libc
                0x0000000000005528       0x60 /opt/local/lib/gcc/avr/4.9.1/../../../../avr/lib/avr51/libc.a(sprintf.o)
                0x0000000000005528                sprintf
 .text.avr-libc
                0x0000000000005588       0xbc /opt/local/lib/gcc/avr/4.9.1/../../../../avr/lib/avr51/libc.a(ultoa_invert.o)
                0x0000000000005588                __ultoa_invert
 .text.avr-libc
                0x0000000000005644       0x10 /opt/local/lib/gcc/avr/4.9.1/../../../../avr/lib/avr51/libc.a(eerd_byte_atmega128rfa1.o)
                0x0000000000005644                __eerd_byte_m128rfa1
 .text.avr-libc
                0x0000000000005654       0x1c /opt/local/lib/gcc/avr/4.9.1/../../../../avr/lib/avr51/libc.a(eewr_byte_atmega128rfa1.o)
                0x0000000000005654                __eewr_byte_m128rfa1
                0x0000000000005656                __eewr_r18_m128rfa1
 .text.avr-libc
                0x0000000000005670       0x38 /opt/local/lib/gcc/avr/4.9.1/../../../../avr/lib/avr51/libc.a(calloc.o)
                0x0000000000005670                calloc
 .text.avr-libc
                0x00000000000056a8      0x25a /opt/local/lib/gcc/avr/4.9.1/../../../../avr/lib/avr51/libc.a(malloc.o)
                0x00000000000056a8                malloc
                0x00000000000057d2                free
 .text.avr-libc
                0x0000000000005902        0xe /opt/local/lib/gcc/avr/4.9.1/../../../../avr/lib/avr51/libc.a(memset.o)
                0x0000000000005902                memset
                0x0000000000005910                . = ALIGN (0x2)
 *(.fini9)
 .fini9         0x0000000000005910        0x0 /opt/local/lib/gcc/avr/4.9.1/avr51/libgcc.a(_exit.o)
                0x0000000000005910                exit
                0x0000000000005910                _exit
 *(.fini9)
 *(.fini8)
 *(.fini8)
 *(.fini7)
 *(.fini7)
 *(.fini6)
 *(.fini6)
 *(.fini5)
 *(.fini5)
 *(.fini4)
 *(.fini4)
 *(.fini3)
 *(.fini3)
 *(.fini2)
 *(.fini2)
 *(.fini1)
 *(.fini1)
 *(.fini0)
 .fini0         0x0000000000005910        0x4 /opt/local/lib/gcc/avr/4.9.1/avr51/libgcc.a(_exit.o)
 *(.fini0)
                0x0000000000005914                _etext = .

.data           0x0000000000800200      0x162 load address 0x0000000000005914
                0x0000000000800200                PROVIDE (__data_start, .)
 *(.data)
 .data          0x0000000000800200        0x0 /opt/local/lib/gcc/avr/4.9.1/../../../../avr/lib/avr51/crtm128rfa1.o
 .data          0x0000000000800200        0x0 main.o
 .data          0x0000000000800200        0x1 TWI_Master.o
 .data          0x0000000000800201       0x10 ../../src/radio/rf231_soc/source/basic_rf.o
                0x0000000000800201                reset_val
 .data          0x0000000000800211        0x0 ../../src/platform/firefly3/source/ulib.o
 .data          0x0000000000800211        0x0 ../../src/platform/firefly3/source/hal_wait.o
 .data          0x0000000000800211        0x0 ../../src/platform/firefly3/source/nrk_eeprom.o
 .data          0x0000000000800211        0x0 ../../src/kernel/source/nrk.o
 .data          0x0000000000800211        0x0 ../../src/kernel/source/nrk_stats.o
 .data          0x0000000000800211        0x0 ../../src/kernel/source/nrk_error.o
 .data          0x0000000000800211        0x0 ../../src/kernel/source/nrk_stack_check.o
 .data          0x0000000000800211        0x0 ../../src/kernel/source/nrk_events.o
 .data          0x0000000000800211        0x0 ../../src/kernel/source/nrk_task.o
 .data          0x0000000000800211        0x0 ../../src/kernel/source/nrk_time.o
 .data          0x0000000000800211        0x0 ../../src/kernel/source/nrk_idle_task.o
 .data          0x0000000000800211        0x0 ../../src/kernel/source/nrk_scheduler.o
 .data          0x0000000000800211        0x0 ../../src/kernel/source/nrk_driver.o
 .data          0x0000000000800211        0x0 ../../src/kernel/source/nrk_reserve.o
 .data          0x0000000000800211        0x0 ../../src/kernel/source/nrk_sw_wdt.o
 .data          0x0000000000800211        0x0 ../../src/kernel/hal/atmega128rfa1/nrk_timer.o
 .data          0x0000000000800211        0x0 ../../src/kernel/hal/atmega128rfa1/nrk_status.o
 .data          0x0000000000800211        0x0 ../../src/kernel/hal/atmega128rfa1/nrk_ext_int.o
 .data          0x0000000000800211        0x0 ../../src/kernel/hal/atmega128rfa1/nrk_watchdog.o
 .data          0x0000000000800211        0x0 ../../src/kernel/hal/atmega128rfa1/nrk_cpu.o
 .data          0x0000000000800211        0x0 ../../src/kernel/hal/atmega128rfa1/atmel_hw_specific.o
 .data          0x0000000000800211        0x0 /opt/local/lib/gcc/avr/4.9.1/../../../../avr/lib/avr51/libprintf_min.a(vfprintf_min.o)
 .data          0x0000000000800211        0x0 /opt/local/lib/gcc/avr/4.9.1/avr51/libgcc.a(_muluhisi3.o)
 .data          0x0000000000800211        0x0 /opt/local/lib/gcc/avr/4.9.1/avr51/libgcc.a(_mulsi3.o)
 .data          0x0000000000800211        0x0 /opt/local/lib/gcc/avr/4.9.1/avr51/libgcc.a(_udivmodsi4.o)
 .data          0x0000000000800211        0x0 /opt/local/lib/gcc/avr/4.9.1/avr51/libgcc.a(_udivdi3.o)
 .data          0x0000000000800211        0x0 /opt/local/lib/gcc/avr/4.9.1/avr51/libgcc.a(_udivmod64.o)
 .data          0x0000000000800211        0x0 /opt/local/lib/gcc/avr/4.9.1/avr51/libgcc.a(_exit.o)
 .data          0x0000000000800211        0x0 /opt/local/lib/gcc/avr/4.9.1/avr51/libgcc.a(_tablejump.o)
 .data          0x0000000000800211        0x0 /opt/local/lib/gcc/avr/4.9.1/avr51/libgcc.a(_copy_data.o)
 .data          0x0000000000800211        0x0 /opt/local/lib/gcc/avr/4.9.1/avr51/libgcc.a(_clear_bss.o)
 .data          0x0000000000800211        0x0 /opt/local/lib/gcc/avr/4.9.1/avr51/libgcc.a(_umulhisi3.o)
 .data          0x0000000000800211        0x0 /opt/local/lib/gcc/avr/4.9.1/../../../../avr/lib/avr51/libc.a(strchr_P.o)
 .data          0x0000000000800211        0x0 /opt/local/lib/gcc/avr/4.9.1/../../../../avr/lib/avr51/libc.a(memcpy.o)
 .data          0x0000000000800211        0x0 /opt/local/lib/gcc/avr/4.9.1/../../../../avr/lib/avr51/libc.a(strncmp.o)
 .data          0x0000000000800211        0x0 /opt/local/lib/gcc/avr/4.9.1/../../../../avr/lib/avr51/libc.a(fdevopen.o)
 .data          0x0000000000800211        0x0 /opt/local/lib/gcc/avr/4.9.1/../../../../avr/lib/avr51/libc.a(fputc.o)
 .data          0x0000000000800211        0x0 /opt/local/lib/gcc/avr/4.9.1/../../../../avr/lib/avr51/libc.a(iob.o)
 .data          0x0000000000800211        0x0 /opt/local/lib/gcc/avr/4.9.1/../../../../avr/lib/avr51/libc.a(printf.o)
 .data          0x0000000000800211        0x0 /opt/local/lib/gcc/avr/4.9.1/../../../../avr/lib/avr51/libc.a(putchar.o)
 .data          0x0000000000800211        0x0 /opt/local/lib/gcc/avr/4.9.1/../../../../avr/lib/avr51/libc.a(puts.o)
 .data          0x0000000000800211        0x0 /opt/local/lib/gcc/avr/4.9.1/../../../../avr/lib/avr51/libc.a(sprintf.o)
 .data          0x0000000000800211        0x0 /opt/local/lib/gcc/avr/4.9.1/../../../../avr/lib/avr51/libc.a(ultoa_invert.o)
 .data          0x0000000000800211        0x0 /opt/local/lib/gcc/avr/4.9.1/../../../../avr/lib/avr51/libc.a(eerd_byte_atmega128rfa1.o)
 .data          0x0000000000800211        0x0 /opt/local/lib/gcc/avr/4.9.1/../../../../avr/lib/avr51/libc.a(eewr_byte_atmega128rfa1.o)
 .data          0x0000000000800211        0x0 /opt/local/lib/gcc/avr/4.9.1/../../../../avr/lib/avr51/libc.a(calloc.o)
 .data          0x0000000000800211        0x6 /opt/local/lib/gcc/avr/4.9.1/../../../../avr/lib/avr51/libc.a(malloc.o)
                0x0000000000800211                __malloc_heap_end
                0x0000000000800213                __malloc_heap_start
                0x0000000000800215                __malloc_margin
 .data          0x0000000000800217        0x0 /opt/local/lib/gcc/avr/4.9.1/../../../../avr/lib/avr51/libc.a(memset.o)
 *(.data*)
 *(.rodata)
 .rodata        0x0000000000800217       0x51 ../../src/platform/firefly3/source/ulib.o
                0x0000000000800217                NRK_ADC_INPUT_7
                0x0000000000800218                NRK_ADC_INPUT_6
                0x0000000000800219                NRK_ADC_INPUT_5
                0x000000000080021a                NRK_ADC_INPUT_4
                0x000000000080021b                NRK_ADC_INPUT_3
                0x000000000080021c                NRK_ADC_INPUT_2
                0x000000000080021d                NRK_ADC_INPUT_1
                0x000000000080021e                NRK_ADC_INPUT_0
                0x000000000080021f                NRK_PORTF_7
                0x0000000000800220                NRK_PORTF_6
                0x0000000000800221                NRK_PORTF_5
                0x0000000000800222                NRK_PORTF_4
                0x0000000000800223                NRK_PORTF_3
                0x0000000000800224                NRK_PORTF_2
                0x0000000000800225                NRK_PORTF_1
                0x0000000000800226                NRK_PORTF_0
                0x0000000000800227                NRK_PORTG_5
                0x0000000000800228                NRK_PORTG_4
                0x0000000000800229                NRK_PORTG_3
                0x000000000080022a                NRK_PORTG_2
                0x000000000080022b                NRK_PORTG_1
                0x000000000080022c                NRK_PORTG_0
                0x000000000080022d                NRK_ANT_1
                0x000000000080022e                NRK_ANT_0
                0x000000000080022f                NRK_UART0_TXD
                0x0000000000800230                NRK_UART0_RXD
                0x0000000000800231                NRK_PORTE_7
                0x0000000000800232                NRK_PORTE_6
                0x0000000000800233                NRK_PORTE_5
                0x0000000000800234                NRK_PORTE_4
                0x0000000000800235                NRK_PORTE_3
                0x0000000000800236                NRK_PORTE_2
                0x0000000000800237                NRK_PORTE_1
                0x0000000000800238                NRK_PORTE_0
                0x0000000000800239                NRK_LED_3
                0x000000000080023a                NRK_LED_2
                0x000000000080023b                NRK_LED_1
                0x000000000080023c                NRK_LED_0
                0x000000000080023d                NRK_UART1_TXD
                0x000000000080023e                NRK_UART1_RXD
                0x000000000080023f                NRK_BUTTON
                0x0000000000800240                NRK_PORTD_7
                0x0000000000800241                NRK_PORTD_6
                0x0000000000800242                NRK_PORTD_5
                0x0000000000800243                NRK_PORTD_4
                0x0000000000800244                NRK_PORTD_3
                0x0000000000800245                NRK_PORTD_2
                0x0000000000800246                NRK_PORTD_1
                0x0000000000800247                NRK_PORTD_0
                0x0000000000800248                NRK_PORTC_7
                0x0000000000800249                NRK_PORTC_6
                0x000000000080024a                NRK_PORTC_5
                0x000000000080024b                NRK_PORTC_4
                0x000000000080024c                NRK_PORTC_3
                0x000000000080024d                NRK_PORTC_2
                0x000000000080024e                NRK_PORTC_1
                0x000000000080024f                NRK_PORTC_0
                0x0000000000800250                NRK_PORTB_7
                0x0000000000800251                NRK_PORTB_6
                0x0000000000800252                NRK_PORTB_5
                0x0000000000800253                NRK_PORTB_4
                0x0000000000800254                NRK_PORTB_3
                0x0000000000800255                NRK_PORTB_2
                0x0000000000800256                NRK_PORTB_1
                0x0000000000800257                NRK_PORTB_0
                0x0000000000800258                NRK_MISO
                0x0000000000800259                NRK_MOSI
                0x000000000080025a                NRK_SCK
                0x000000000080025b                NRK_SPI_SS
                0x000000000080025c                NRK_DEBUG_3
                0x000000000080025d                NRK_DEBUG_2
                0x000000000080025e                NRK_DEBUG_1
                0x000000000080025f                NRK_DEBUG_0
                0x0000000000800260                NRK_PORTA_7
                0x0000000000800261                NRK_PORTA_6
                0x0000000000800262                NRK_PORTA_5
                0x0000000000800263                NRK_PORTA_4
                0x0000000000800264                NRK_PORTA_3
                0x0000000000800265                NRK_PORTA_2
                0x0000000000800266                NRK_PORTA_1
                0x0000000000800267                NRK_PORTA_0
 *(.rodata*)
 .rodata.str1.1
                0x0000000000800268       0x23 main.o
 .rodata.str1.1
                0x000000000080028b       0x6a ../../src/radio/rf231_soc/source/basic_rf.o
 .rodata.str1.1
                0x00000000008002f5       0x2c ../../src/kernel/source/nrk_stats.o
 .rodata.str1.1
                0x0000000000000000        0x3 ../../src/kernel/source/nrk_error.o
 .rodata.str1.1
                0x0000000000800321       0x41 ../../src/kernel/source/nrk_stack_check.o
                                         0x4e (size before relaxing)
 *(.gnu.linkonce.d*)
                0x0000000000800362                . = ALIGN (0x2)
                0x0000000000800362                _edata = .
                0x0000000000800362                PROVIDE (__data_end, .)

.bss            0x0000000000800362      0x3a0
                0x0000000000800362                PROVIDE (__bss_start, .)
 *(.bss)
 .bss           0x0000000000800362        0x0 /opt/local/lib/gcc/avr/4.9.1/../../../../avr/lib/avr51/crtm128rfa1.o
 .bss           0x0000000000800362        0x2 main.o
                0x0000000000800362                read
 .bss           0x0000000000800364        0xd TWI_Master.o
                0x0000000000800364                TWI_statusReg
 .bss           0x0000000000800371        0x5 ../../src/radio/rf231_soc/source/basic_rf.o
                0x0000000000800371                wireless_prog
                0x0000000000800372                rx_end_func
                0x0000000000800374                rx_start_func
 .bss           0x0000000000800376        0x0 ../../src/platform/firefly3/source/ulib.o
 .bss           0x0000000000800376        0x0 ../../src/platform/firefly3/source/hal_wait.o
 .bss           0x0000000000800376        0x0 ../../src/platform/firefly3/source/nrk_eeprom.o
 .bss           0x0000000000800376        0x0 ../../src/kernel/source/nrk.o
 .bss           0x0000000000800376        0x0 ../../src/kernel/source/nrk_stats.o
 .bss           0x0000000000800376        0x1 ../../src/kernel/source/nrk_error.o
 .bss           0x0000000000800377        0x0 ../../src/kernel/source/nrk_stack_check.o
 .bss           0x0000000000800377        0x0 ../../src/kernel/source/nrk_events.o
 .bss           0x0000000000800377        0x0 ../../src/kernel/source/nrk_task.o
 .bss           0x0000000000800377        0x0 ../../src/kernel/source/nrk_time.o
 .bss           0x0000000000800377        0x0 ../../src/kernel/source/nrk_idle_task.o
 .bss           0x0000000000800377        0x0 ../../src/kernel/source/nrk_scheduler.o
 .bss           0x0000000000800377        0x0 ../../src/kernel/source/nrk_driver.o
 .bss           0x0000000000800377        0x0 ../../src/kernel/source/nrk_reserve.o
 .bss           0x0000000000800377        0x0 ../../src/kernel/source/nrk_sw_wdt.o
 .bss           0x0000000000800377        0x0 ../../src/kernel/hal/atmega128rfa1/nrk_timer.o
 .bss           0x0000000000800377        0x0 ../../src/kernel/hal/atmega128rfa1/nrk_status.o
 .bss           0x0000000000800377        0x0 ../../src/kernel/hal/atmega128rfa1/nrk_ext_int.o
 .bss           0x0000000000800377        0x0 ../../src/kernel/hal/atmega128rfa1/nrk_watchdog.o
 .bss           0x0000000000800377        0x0 ../../src/kernel/hal/atmega128rfa1/nrk_cpu.o
 .bss           0x0000000000800377        0x0 ../../src/kernel/hal/atmega128rfa1/atmel_hw_specific.o
 .bss           0x0000000000800377        0x0 /opt/local/lib/gcc/avr/4.9.1/../../../../avr/lib/avr51/libprintf_min.a(vfprintf_min.o)
 .bss           0x0000000000800377        0x0 /opt/local/lib/gcc/avr/4.9.1/avr51/libgcc.a(_muluhisi3.o)
 .bss           0x0000000000800377        0x0 /opt/local/lib/gcc/avr/4.9.1/avr51/libgcc.a(_mulsi3.o)
 .bss           0x0000000000800377        0x0 /opt/local/lib/gcc/avr/4.9.1/avr51/libgcc.a(_udivmodsi4.o)
 .bss           0x0000000000800377        0x0 /opt/local/lib/gcc/avr/4.9.1/avr51/libgcc.a(_udivdi3.o)
 .bss           0x0000000000800377        0x0 /opt/local/lib/gcc/avr/4.9.1/avr51/libgcc.a(_udivmod64.o)
 .bss           0x0000000000800377        0x0 /opt/local/lib/gcc/avr/4.9.1/avr51/libgcc.a(_exit.o)
 .bss           0x0000000000800377        0x0 /opt/local/lib/gcc/avr/4.9.1/avr51/libgcc.a(_tablejump.o)
 .bss           0x0000000000800377        0x0 /opt/local/lib/gcc/avr/4.9.1/avr51/libgcc.a(_copy_data.o)
 .bss           0x0000000000800377        0x0 /opt/local/lib/gcc/avr/4.9.1/avr51/libgcc.a(_clear_bss.o)
 .bss           0x0000000000800377        0x0 /opt/local/lib/gcc/avr/4.9.1/avr51/libgcc.a(_umulhisi3.o)
 .bss           0x0000000000800377        0x0 /opt/local/lib/gcc/avr/4.9.1/../../../../avr/lib/avr51/libc.a(strchr_P.o)
 .bss           0x0000000000800377        0x0 /opt/local/lib/gcc/avr/4.9.1/../../../../avr/lib/avr51/libc.a(memcpy.o)
 .bss           0x0000000000800377        0x0 /opt/local/lib/gcc/avr/4.9.1/../../../../avr/lib/avr51/libc.a(strncmp.o)
 .bss           0x0000000000800377        0x0 /opt/local/lib/gcc/avr/4.9.1/../../../../avr/lib/avr51/libc.a(fdevopen.o)
 .bss           0x0000000000800377        0x0 /opt/local/lib/gcc/avr/4.9.1/../../../../avr/lib/avr51/libc.a(fputc.o)
 .bss           0x0000000000800377        0x0 /opt/local/lib/gcc/avr/4.9.1/../../../../avr/lib/avr51/libc.a(iob.o)
 .bss           0x0000000000800377        0x0 /opt/local/lib/gcc/avr/4.9.1/../../../../avr/lib/avr51/libc.a(printf.o)
 .bss           0x0000000000800377        0x0 /opt/local/lib/gcc/avr/4.9.1/../../../../avr/lib/avr51/libc.a(putchar.o)
 .bss           0x0000000000800377        0x0 /opt/local/lib/gcc/avr/4.9.1/../../../../avr/lib/avr51/libc.a(puts.o)
 .bss           0x0000000000800377        0x0 /opt/local/lib/gcc/avr/4.9.1/../../../../avr/lib/avr51/libc.a(sprintf.o)
 .bss           0x0000000000800377        0x0 /opt/local/lib/gcc/avr/4.9.1/../../../../avr/lib/avr51/libc.a(ultoa_invert.o)
 .bss           0x0000000000800377        0x0 /opt/local/lib/gcc/avr/4.9.1/../../../../avr/lib/avr51/libc.a(eerd_byte_atmega128rfa1.o)
 .bss           0x0000000000800377        0x0 /opt/local/lib/gcc/avr/4.9.1/../../../../avr/lib/avr51/libc.a(eewr_byte_atmega128rfa1.o)
 .bss           0x0000000000800377        0x0 /opt/local/lib/gcc/avr/4.9.1/../../../../avr/lib/avr51/libc.a(calloc.o)
 .bss           0x0000000000800377        0x0 /opt/local/lib/gcc/avr/4.9.1/../../../../avr/lib/avr51/libc.a(malloc.o)
 .bss           0x0000000000800377        0x0 /opt/local/lib/gcc/avr/4.9.1/../../../../avr/lib/avr51/libc.a(memset.o)
 *(.bss*)
 *(COMMON)
 COMMON         0x0000000000800377      0x1de main.o
                0x0000000000800377                app_timer0_callback
                0x0000000000800379                error_task
                0x000000000080037a                _nrk_time_trigger
                0x000000000080037b                TaskOne
                0x000000000080039e                _nrk_stats_sleep_time
                0x00000000008003a6                _nrk_signal_list
                0x00000000008003aa                Stack1
                0x000000000080042a                nrk_kernel_stk_ptr
                0x000000000080042c                app_timer0_prescale
                0x000000000080042d                _nrk_prev_timer_val
                0x000000000080042e                cur_task_stats
                0x00000000008004c4                error_num
                0x00000000008004c5                nrk_idle_task_stk
                0x0000000000800545                messageBuf
 COMMON         0x0000000000800555       0x51 ../../src/radio/rf231_soc/source/basic_rf.o
                0x0000000000800555                rx_ctr
                0x0000000000800559                radio_sem
                0x000000000080055b                use_glossy
                0x000000000080055c                mdmctrl0
                0x000000000080055e                rfSettings
                0x0000000000800567                curr_t
                0x000000000080056f                ekey
                0x000000000080057f                rf_ready
                0x0000000000800580                target_t
                0x0000000000800588                dkey
                0x0000000000800598                tx_ctr
                0x000000000080059e                dummy_t
 COMMON         0x00000000008005a6      0x149 ../../src/kernel/source/nrk.o
                0x00000000008005a6                _free_node
                0x00000000008005a8                nrk_task_TCB
                0x000000000080067f                next_next_wakeup
                0x0000000000800681                nrk_sem_list
                0x0000000000800684                nrk_task_init_cnt
                0x0000000000800685                nrk_wakeup_signal
                0x0000000000800686                nrk_high_ready_TCB
                0x0000000000800688                nrk_cur_task_prio
                0x0000000000800689                _nrk_cpu_state
                0x000000000080068a                _head_node
                0x000000000080068c                nrk_system_time
                0x0000000000800694                _nrk_resource_cnt
                0x0000000000800695                nrk_cur_task_TCB
                0x0000000000800697                nrk_high_ready_prio
                0x0000000000800698                sw_wdts
                0x00000000008006d1                _nrk_readyQ
 COMMON         0x00000000008006ef        0x1 ../../src/kernel/source/nrk_scheduler.o
                0x00000000008006ef                t
 COMMON         0x00000000008006f0        0x8 ../../src/kernel/hal/atmega128rfa1/nrk_ext_int.o
                0x00000000008006f0                ext_int1_callback
                0x00000000008006f2                ext_int0_callback
                0x00000000008006f4                ext_int2_callback
                0x00000000008006f6                pc_int0_callback
 COMMON         0x00000000008006f8        0x6 /opt/local/lib/gcc/avr/4.9.1/../../../../avr/lib/avr51/libc.a(iob.o)
                0x00000000008006f8                __iob
 COMMON         0x00000000008006fe        0x4 /opt/local/lib/gcc/avr/4.9.1/../../../../avr/lib/avr51/libc.a(malloc.o)
                0x00000000008006fe                __brkval
                0x0000000000800700                __flp
                0x0000000000800702                PROVIDE (__bss_end, .)
                0x0000000000005914                __data_load_start = LOADADDR (.data)
                0x0000000000005a76                __data_load_end = (__data_load_start + SIZEOF (.data))

.noinit         0x0000000000800702        0x0
                0x0000000000800702                PROVIDE (__noinit_start, .)
 *(.noinit*)
                0x0000000000800702                PROVIDE (__noinit_end, .)
                0x0000000000800702                _end = .
                0x0000000000800702                PROVIDE (__heap_start, .)

.eeprom         0x0000000000810000        0x0
 *(.eeprom*)
                0x0000000000810000                __eeprom_end = .

.fuse
 *(.fuse)
 *(.lfuse)
 *(.hfuse)
 *(.efuse)

.lock
 *(.lock*)

.signature
 *(.signature*)

.stab           0x0000000000000000    0x10a64
 *(.stab)
 .stab          0x0000000000000000     0x1380 main.o
 .stab          0x0000000000001380      0x7e0 TWI_Master.o
                                       0x12fc (size before relaxing)
 .stab          0x0000000000001b60     0x2178 ../../src/radio/rf231_soc/source/basic_rf.o
                                       0x2c28 (size before relaxing)
 .stab          0x0000000000003cd8     0x1584 ../../src/platform/firefly3/source/ulib.o
                                       0x2028 (size before relaxing)
 .stab          0x000000000000525c      0x378 ../../src/platform/firefly3/source/hal_wait.o
                                        0xd50 (size before relaxing)
 .stab          0x00000000000055d4      0x7f8 ../../src/platform/firefly3/source/nrk_eeprom.o
                                       0x1278 (size before relaxing)
 .stab          0x0000000000005dcc      0xb7c ../../src/kernel/source/nrk.o
                                       0x16b0 (size before relaxing)
 .stab          0x0000000000006948      0xb94 ../../src/kernel/source/nrk_stats.o
                                       0x16ec (size before relaxing)
 .stab          0x00000000000074dc      0xef4 ../../src/kernel/source/nrk_error.o
                                       0x1a34 (size before relaxing)
 .stab          0x00000000000083d0      0x624 ../../src/kernel/source/nrk_stack_check.o
                                       0x1158 (size before relaxing)
 .stab          0x00000000000089f4      0xf6c ../../src/kernel/source/nrk_events.o
                                       0x1ab8 (size before relaxing)
 .stab          0x0000000000009960     0x10e0 ../../src/kernel/source/nrk_task.o
                                       0x1c2c (size before relaxing)
 .stab          0x000000000000aa40      0x93c ../../src/kernel/source/nrk_time.o
                                       0x1488 (size before relaxing)
 .stab          0x000000000000b37c      0x48c ../../src/kernel/source/nrk_idle_task.o
                                        0xfd8 (size before relaxing)
 .stab          0x000000000000b808      0xa2c ../../src/kernel/source/nrk_scheduler.o
                                       0x15c0 (size before relaxing)
 .stab          0x000000000000c234      0x264 ../../src/kernel/source/nrk_driver.o
                                        0x270 (size before relaxing)
 .stab          0x000000000000c498      0x264 ../../src/kernel/source/nrk_reserve.o
                                        0x270 (size before relaxing)
 .stab          0x000000000000c6fc      0x7b0 ../../src/kernel/source/nrk_sw_wdt.o
                                       0x1308 (size before relaxing)
 .stab          0x000000000000ceac     0x111c ../../src/kernel/hal/atmega128rfa1/nrk_timer.o
                                       0x1c5c (size before relaxing)
 .stab          0x000000000000dfc8      0x474 ../../src/kernel/hal/atmega128rfa1/nrk_status.o
                                        0xf18 (size before relaxing)
 .stab          0x000000000000e43c      0xa14 ../../src/kernel/hal/atmega128rfa1/nrk_ext_int.o
                                       0x14b8 (size before relaxing)
 .stab          0x000000000000ee50      0x618 ../../src/kernel/hal/atmega128rfa1/nrk_watchdog.o
                                       0x1140 (size before relaxing)
 .stab          0x000000000000f468      0x894 ../../src/kernel/hal/atmega128rfa1/nrk_cpu.o
                                       0x13d4 (size before relaxing)
 .stab          0x000000000000fcfc      0x204 ../../src/kernel/hal/atmega128rfa1/atmel_hw_specific.o
                                        0x210 (size before relaxing)
 .stab          0x000000000000ff00       0xcc /opt/local/lib/gcc/avr/4.9.1/avr51/libgcc.a(_muluhisi3.o)
                                         0xd8 (size before relaxing)
 .stab          0x000000000000ffcc      0x108 /opt/local/lib/gcc/avr/4.9.1/avr51/libgcc.a(_mulsi3.o)
                                        0x114 (size before relaxing)
 .stab          0x00000000000100d4      0x228 /opt/local/lib/gcc/avr/4.9.1/avr51/libgcc.a(_udivmodsi4.o)
                                        0x234 (size before relaxing)
 .stab          0x00000000000102fc      0x150 /opt/local/lib/gcc/avr/4.9.1/avr51/libgcc.a(_udivdi3.o)
                                        0x15c (size before relaxing)
 .stab          0x000000000001044c      0x234 /opt/local/lib/gcc/avr/4.9.1/avr51/libgcc.a(_udivmod64.o)
                                        0x240 (size before relaxing)
 .stab          0x0000000000010680       0x6c /opt/local/lib/gcc/avr/4.9.1/avr51/libgcc.a(_exit.o)
                                         0x78 (size before relaxing)
 .stab          0x00000000000106ec       0xcc /opt/local/lib/gcc/avr/4.9.1/avr51/libgcc.a(_tablejump.o)
                                         0xd8 (size before relaxing)
 .stab          0x00000000000107b8       0xf0 /opt/local/lib/gcc/avr/4.9.1/avr51/libgcc.a(_copy_data.o)
                                         0xfc (size before relaxing)
 .stab          0x00000000000108a8       0xb4 /opt/local/lib/gcc/avr/4.9.1/avr51/libgcc.a(_clear_bss.o)
                                         0xc0 (size before relaxing)
 .stab          0x000000000001095c      0x108 /opt/local/lib/gcc/avr/4.9.1/avr51/libgcc.a(_umulhisi3.o)
                                        0x114 (size before relaxing)

.stabstr        0x0000000000000000     0x8d93
 *(.stabstr)
 .stabstr       0x0000000000000000     0x8d93 main.o

.stab.excl
 *(.stab.excl)

.stab.exclstr
 *(.stab.exclstr)

.stab.index
 *(.stab.index)

.stab.indexstr
 *(.stab.indexstr)

.comment        0x0000000000000000       0x11
 *(.comment)
 .comment       0x0000000000000000       0x11 main.o
                                         0x12 (size before relaxing)
 .comment       0x0000000000000000       0x12 TWI_Master.o
 .comment       0x0000000000000000       0x12 ../../src/radio/rf231_soc/source/basic_rf.o
 .comment       0x0000000000000000       0x12 ../../src/platform/firefly3/source/ulib.o
 .comment       0x0000000000000000       0x12 ../../src/platform/firefly3/source/hal_wait.o
 .comment       0x0000000000000000       0x12 ../../src/platform/firefly3/source/nrk_eeprom.o
 .comment       0x0000000000000000       0x12 ../../src/kernel/source/nrk.o
 .comment       0x0000000000000000       0x12 ../../src/kernel/source/nrk_stats.o
 .comment       0x0000000000000000       0x12 ../../src/kernel/source/nrk_error.o
 .comment       0x0000000000000000       0x12 ../../src/kernel/source/nrk_stack_check.o
 .comment       0x0000000000000000       0x12 ../../src/kernel/source/nrk_events.o
 .comment       0x0000000000000000       0x12 ../../src/kernel/source/nrk_task.o
 .comment       0x0000000000000000       0x12 ../../src/kernel/source/nrk_time.o
 .comment       0x0000000000000000       0x12 ../../src/kernel/source/nrk_idle_task.o
 .comment       0x0000000000000000       0x12 ../../src/kernel/source/nrk_scheduler.o
 .comment       0x0000000000000000       0x12 ../../src/kernel/source/nrk_driver.o
 .comment       0x0000000000000000       0x12 ../../src/kernel/source/nrk_reserve.o
 .comment       0x0000000000000000       0x12 ../../src/kernel/source/nrk_sw_wdt.o
 .comment       0x0000000000000000       0x12 ../../src/kernel/hal/atmega128rfa1/nrk_timer.o
 .comment       0x0000000000000000       0x12 ../../src/kernel/hal/atmega128rfa1/nrk_status.o
 .comment       0x0000000000000000       0x12 ../../src/kernel/hal/atmega128rfa1/nrk_ext_int.o
 .comment       0x0000000000000000       0x12 ../../src/kernel/hal/atmega128rfa1/nrk_watchdog.o
 .comment       0x0000000000000000       0x12 ../../src/kernel/hal/atmega128rfa1/nrk_cpu.o
 .comment       0x0000000000000000       0x12 /opt/local/lib/gcc/avr/4.9.1/../../../../avr/lib/avr51/libprintf_min.a(vfprintf_min.o)
 .comment       0x0000000000000000       0x12 /opt/local/lib/gcc/avr/4.9.1/../../../../avr/lib/avr51/libc.a(fdevopen.o)
 .comment       0x0000000000000000       0x12 /opt/local/lib/gcc/avr/4.9.1/../../../../avr/lib/avr51/libc.a(fputc.o)
 .comment       0x0000000000000000       0x12 /opt/local/lib/gcc/avr/4.9.1/../../../../avr/lib/avr51/libc.a(iob.o)
 .comment       0x0000000000000000       0x12 /opt/local/lib/gcc/avr/4.9.1/../../../../avr/lib/avr51/libc.a(printf.o)
 .comment       0x0000000000000000       0x12 /opt/local/lib/gcc/avr/4.9.1/../../../../avr/lib/avr51/libc.a(putchar.o)
 .comment       0x0000000000000000       0x12 /opt/local/lib/gcc/avr/4.9.1/../../../../avr/lib/avr51/libc.a(puts.o)
 .comment       0x0000000000000000       0x12 /opt/local/lib/gcc/avr/4.9.1/../../../../avr/lib/avr51/libc.a(sprintf.o)
 .comment       0x0000000000000000       0x12 /opt/local/lib/gcc/avr/4.9.1/../../../../avr/lib/avr51/libc.a(calloc.o)
 .comment       0x0000000000000000       0x12 /opt/local/lib/gcc/avr/4.9.1/../../../../avr/lib/avr51/libc.a(malloc.o)

.note.gnu.build-id
 *(.note.gnu.build-id)

.debug
 *(.debug)

.line
 *(.line)

.debug_srcinfo
 *(.debug_srcinfo)

.debug_sfnames
 *(.debug_sfnames)

.debug_aranges
 *(.debug_aranges)

.debug_pubnames
 *(.debug_pubnames)

.debug_info     0x0000000000000000     0x1160
 *(.debug_info .gnu.linkonce.wi.*)
 .debug_info    0x0000000000000000     0x1160 /opt/local/lib/gcc/avr/4.9.1/../../../../avr/lib/avr51/crtm128rfa1.o

.debug_abbrev   0x0000000000000000     0x1072
 *(.debug_abbrev)
 .debug_abbrev  0x0000000000000000     0x1072 /opt/local/lib/gcc/avr/4.9.1/../../../../avr/lib/avr51/crtm128rfa1.o

.debug_line     0x0000000000000000       0x1d
 *(.debug_line .debug_line.* .debug_line_end)
 .debug_line    0x0000000000000000       0x1d /opt/local/lib/gcc/avr/4.9.1/../../../../avr/lib/avr51/crtm128rfa1.o

.debug_frame
 *(.debug_frame)

.debug_str      0x0000000000000000      0x6de
 *(.debug_str)
 .debug_str     0x0000000000000000      0x6de /opt/local/lib/gcc/avr/4.9.1/../../../../avr/lib/avr51/crtm128rfa1.o

.debug_loc
 *(.debug_loc)

.debug_macinfo
 *(.debug_macinfo)

.debug_weaknames
 *(.debug_weaknames)

.debug_funcnames
 *(.debug_funcnames)

.debug_typenames
 *(.debug_typenames)

.debug_varnames
 *(.debug_varnames)

.debug_pubtypes
 *(.debug_pubtypes)

.debug_ranges
 *(.debug_ranges)

.debug_macro
 *(.debug_macro)
OUTPUT(main.elf elf32-avr)
LOAD linker stubs

Cross Reference Table

Symbol                                            File
NRK_ADC_INPUT_0                                   ../../src/platform/firefly3/source/ulib.o
NRK_ADC_INPUT_1                                   ../../src/platform/firefly3/source/ulib.o
NRK_ADC_INPUT_2                                   ../../src/platform/firefly3/source/ulib.o
NRK_ADC_INPUT_3                                   ../../src/platform/firefly3/source/ulib.o
NRK_ADC_INPUT_4                                   ../../src/platform/firefly3/source/ulib.o
NRK_ADC_INPUT_5                                   ../../src/platform/firefly3/source/ulib.o
NRK_ADC_INPUT_6                                   ../../src/platform/firefly3/source/ulib.o
NRK_ADC_INPUT_7                                   ../../src/platform/firefly3/source/ulib.o
NRK_ANT_0                                         ../../src/platform/firefly3/source/ulib.o
NRK_ANT_1                                         ../../src/platform/firefly3/source/ulib.o
NRK_BUTTON                                        ../../src/platform/firefly3/source/ulib.o
NRK_DEBUG_0                                       ../../src/platform/firefly3/source/ulib.o
NRK_DEBUG_1                                       ../../src/platform/firefly3/source/ulib.o
NRK_DEBUG_2                                       ../../src/platform/firefly3/source/ulib.o
NRK_DEBUG_3                                       ../../src/platform/firefly3/source/ulib.o
NRK_LED_0                                         ../../src/platform/firefly3/source/ulib.o
NRK_LED_1                                         ../../src/platform/firefly3/source/ulib.o
NRK_LED_2                                         ../../src/platform/firefly3/source/ulib.o
NRK_LED_3                                         ../../src/platform/firefly3/source/ulib.o
NRK_MISO                                          ../../src/platform/firefly3/source/ulib.o
NRK_MOSI                                          ../../src/platform/firefly3/source/ulib.o
NRK_PORTA_0                                       ../../src/platform/firefly3/source/ulib.o
NRK_PORTA_1                                       ../../src/platform/firefly3/source/ulib.o
NRK_PORTA_2                                       ../../src/platform/firefly3/source/ulib.o
NRK_PORTA_3                                       ../../src/platform/firefly3/source/ulib.o
NRK_PORTA_4                                       ../../src/platform/firefly3/source/ulib.o
NRK_PORTA_5                                       ../../src/platform/firefly3/source/ulib.o
NRK_PORTA_6                                       ../../src/platform/firefly3/source/ulib.o
NRK_PORTA_7                                       ../../src/platform/firefly3/source/ulib.o
NRK_PORTB_0                                       ../../src/platform/firefly3/source/ulib.o
NRK_PORTB_1                                       ../../src/platform/firefly3/source/ulib.o
NRK_PORTB_2                                       ../../src/platform/firefly3/source/ulib.o
NRK_PORTB_3                                       ../../src/platform/firefly3/source/ulib.o
NRK_PORTB_4                                       ../../src/platform/firefly3/source/ulib.o
NRK_PORTB_5                                       ../../src/platform/firefly3/source/ulib.o
NRK_PORTB_6                                       ../../src/platform/firefly3/source/ulib.o
NRK_PORTB_7                                       ../../src/platform/firefly3/source/ulib.o
NRK_PORTC_0                                       ../../src/platform/firefly3/source/ulib.o
NRK_PORTC_1                                       ../../src/platform/firefly3/source/ulib.o
NRK_PORTC_2                                       ../../src/platform/firefly3/source/ulib.o
NRK_PORTC_3                                       ../../src/platform/firefly3/source/ulib.o
NRK_PORTC_4                                       ../../src/platform/firefly3/source/ulib.o
NRK_PORTC_5                                       ../../src/platform/firefly3/source/ulib.o
NRK_PORTC_6                                       ../../src/platform/firefly3/source/ulib.o
NRK_PORTC_7                                       ../../src/platform/firefly3/source/ulib.o
NRK_PORTD_0                                       ../../src/platform/firefly3/source/ulib.o
NRK_PORTD_1                                       ../../src/platform/firefly3/source/ulib.o
NRK_PORTD_2                                       ../../src/platform/firefly3/source/ulib.o
NRK_PORTD_3                                       ../../src/platform/firefly3/source/ulib.o
NRK_PORTD_4                                       ../../src/platform/firefly3/source/ulib.o
NRK_PORTD_5                                       ../../src/platform/firefly3/source/ulib.o
NRK_PORTD_6                                       ../../src/platform/firefly3/source/ulib.o
NRK_PORTD_7                                       ../../src/platform/firefly3/source/ulib.o
NRK_PORTE_0                                       ../../src/platform/firefly3/source/ulib.o
NRK_PORTE_1                                       ../../src/platform/firefly3/source/ulib.o
NRK_PORTE_2                                       ../../src/platform/firefly3/source/ulib.o
NRK_PORTE_3                                       ../../src/platform/firefly3/source/ulib.o
NRK_PORTE_4                                       ../../src/platform/firefly3/source/ulib.o
NRK_PORTE_5                                       ../../src/platform/firefly3/source/ulib.o
NRK_PORTE_6                                       ../../src/platform/firefly3/source/ulib.o
NRK_PORTE_7                                       ../../src/platform/firefly3/source/ulib.o
NRK_PORTF_0                                       ../../src/platform/firefly3/source/ulib.o
NRK_PORTF_1                                       ../../src/platform/firefly3/source/ulib.o
NRK_PORTF_2                                       ../../src/platform/firefly3/source/ulib.o
NRK_PORTF_3                                       ../../src/platform/firefly3/source/ulib.o
NRK_PORTF_4                                       ../../src/platform/firefly3/source/ulib.o
NRK_PORTF_5                                       ../../src/platform/firefly3/source/ulib.o
NRK_PORTF_6                                       ../../src/platform/firefly3/source/ulib.o
NRK_PORTF_7                                       ../../src/platform/firefly3/source/ulib.o
NRK_PORTG_0                                       ../../src/platform/firefly3/source/ulib.o
NRK_PORTG_1                                       ../../src/platform/firefly3/source/ulib.o
NRK_PORTG_2                                       ../../src/platform/firefly3/source/ulib.o
NRK_PORTG_3                                       ../../src/platform/firefly3/source/ulib.o
NRK_PORTG_4                                       ../../src/platform/firefly3/source/ulib.o
NRK_PORTG_5                                       ../../src/platform/firefly3/source/ulib.o
NRK_SCK                                           ../../src/platform/firefly3/source/ulib.o
NRK_SPI_SS                                        ../../src/platform/firefly3/source/ulib.o
NRK_UART0_RXD                                     ../../src/platform/firefly3/source/ulib.o
NRK_UART0_TXD                                     ../../src/platform/firefly3/source/ulib.o
NRK_UART1_RXD                                     ../../src/platform/firefly3/source/ulib.o
NRK_UART1_TXD                                     ../../src/platform/firefly3/source/ulib.o
PORT_INIT                                         ../../src/platform/firefly3/source/ulib.o
SIG_OUTPUT_COMPARE1A                              ../../src/kernel/hal/atmega128rfa1/nrk_timer.o
Stack1                                            main.o
TWI_Act_On_Failure_In_Last_Transmission           main.o
TWI_Get_Data_From_Transceiver                     TWI_Master.o
                                                  main.o
TWI_Get_State_Info                                TWI_Master.o
TWI_Master_Initialise                             TWI_Master.o
                                                  main.o
TWI_Start_Transceiver                             TWI_Master.o
                                                  main.o
TWI_Start_Transceiver_With_Data                   TWI_Master.o
                                                  main.o
TWI_Transceiver_Busy                              TWI_Master.o
TWI_statusReg                                     TWI_Master.o
TaskOne                                           main.o
Task_Accelorometer                                main.o
__bad_interrupt                                   /opt/local/lib/gcc/avr/4.9.1/../../../../avr/lib/avr51/crtm128rfa1.o
__brkval                                          /opt/local/lib/gcc/avr/4.9.1/../../../../avr/lib/avr51/libc.a(malloc.o)
__bss_end                                         /opt/local/lib/gcc/avr/4.9.1/avr51/libgcc.a(_clear_bss.o)
__bss_start                                       /opt/local/lib/gcc/avr/4.9.1/avr51/libgcc.a(_clear_bss.o)
__data_end                                        /opt/local/lib/gcc/avr/4.9.1/avr51/libgcc.a(_copy_data.o)
__data_load_start                                 /opt/local/lib/gcc/avr/4.9.1/avr51/libgcc.a(_copy_data.o)
__data_start                                      /opt/local/lib/gcc/avr/4.9.1/avr51/libgcc.a(_copy_data.o)
__do_clear_bss                                    /opt/local/lib/gcc/avr/4.9.1/avr51/libgcc.a(_clear_bss.o)
                                                  /opt/local/lib/gcc/avr/4.9.1/../../../../avr/lib/avr51/libc.a(malloc.o)
                                                  /opt/local/lib/gcc/avr/4.9.1/../../../../avr/lib/avr51/libc.a(iob.o)
                                                  ../../src/kernel/hal/atmega128rfa1/nrk_cpu.o
                                                  ../../src/kernel/hal/atmega128rfa1/nrk_watchdog.o
                                                  ../../src/kernel/hal/atmega128rfa1/nrk_ext_int.o
                                                  ../../src/kernel/hal/atmega128rfa1/nrk_status.o
                                                  ../../src/kernel/hal/atmega128rfa1/nrk_timer.o
                                                  ../../src/kernel/source/nrk_sw_wdt.o
                                                  ../../src/kernel/source/nrk_scheduler.o
                                                  ../../src/kernel/source/nrk_idle_task.o
                                                  ../../src/kernel/source/nrk_time.o
                                                  ../../src/kernel/source/nrk_task.o
                                                  ../../src/kernel/source/nrk_events.o
                                                  ../../src/kernel/source/nrk_stack_check.o
                                                  ../../src/kernel/source/nrk_error.o
                                                  ../../src/kernel/source/nrk_stats.o
                                                  ../../src/kernel/source/nrk.o
                                                  ../../src/platform/firefly3/source/nrk_eeprom.o
                                                  ../../src/platform/firefly3/source/ulib.o
                                                  ../../src/radio/rf231_soc/source/basic_rf.o
                                                  TWI_Master.o
                                                  main.o
__do_copy_data                                    /opt/local/lib/gcc/avr/4.9.1/avr51/libgcc.a(_copy_data.o)
                                                  /opt/local/lib/gcc/avr/4.9.1/../../../../avr/lib/avr51/libc.a(malloc.o)
                                                  ../../src/kernel/source/nrk_stack_check.o
                                                  ../../src/kernel/source/nrk_error.o
                                                  ../../src/kernel/source/nrk_stats.o
                                                  ../../src/platform/firefly3/source/ulib.o
                                                  ../../src/radio/rf231_soc/source/basic_rf.o
                                                  TWI_Master.o
                                                  main.o
__eerd_byte_m128rfa1                              /opt/local/lib/gcc/avr/4.9.1/../../../../avr/lib/avr51/libc.a(eerd_byte_atmega128rfa1.o)
                                                  ../../src/platform/firefly3/source/nrk_eeprom.o
__eewr_byte_m128rfa1                              /opt/local/lib/gcc/avr/4.9.1/../../../../avr/lib/avr51/libc.a(eewr_byte_atmega128rfa1.o)
                                                  ../../src/platform/firefly3/source/nrk_eeprom.o
__eewr_r18_m128rfa1                               /opt/local/lib/gcc/avr/4.9.1/../../../../avr/lib/avr51/libc.a(eewr_byte_atmega128rfa1.o)
__flp                                             /opt/local/lib/gcc/avr/4.9.1/../../../../avr/lib/avr51/libc.a(malloc.o)
__heap_end                                        /opt/local/lib/gcc/avr/4.9.1/../../../../avr/lib/avr51/crtm128rfa1.o
                                                  /opt/local/lib/gcc/avr/4.9.1/../../../../avr/lib/avr51/libc.a(malloc.o)
__heap_start                                      /opt/local/lib/gcc/avr/4.9.1/../../../../avr/lib/avr51/libc.a(malloc.o)
__init                                            /opt/local/lib/gcc/avr/4.9.1/../../../../avr/lib/avr51/crtm128rfa1.o
__iob                                             /opt/local/lib/gcc/avr/4.9.1/../../../../avr/lib/avr51/libc.a(iob.o)
                                                  /opt/local/lib/gcc/avr/4.9.1/../../../../avr/lib/avr51/libc.a(puts.o)
                                                  /opt/local/lib/gcc/avr/4.9.1/../../../../avr/lib/avr51/libc.a(putchar.o)
                                                  /opt/local/lib/gcc/avr/4.9.1/../../../../avr/lib/avr51/libc.a(printf.o)
                                                  /opt/local/lib/gcc/avr/4.9.1/../../../../avr/lib/avr51/libc.a(fdevopen.o)
                                                  ../../src/kernel/source/nrk_error.o
                                                  ../../src/platform/firefly3/source/ulib.o
__malloc_heap_end                                 /opt/local/lib/gcc/avr/4.9.1/../../../../avr/lib/avr51/libc.a(malloc.o)
__malloc_heap_start                               /opt/local/lib/gcc/avr/4.9.1/../../../../avr/lib/avr51/libc.a(malloc.o)
__malloc_margin                                   /opt/local/lib/gcc/avr/4.9.1/../../../../avr/lib/avr51/libc.a(malloc.o)
__mulsi3                                          /opt/local/lib/gcc/avr/4.9.1/avr51/libgcc.a(_mulsi3.o)
                                                  ../../src/kernel/source/nrk_time.o
__muluhisi3                                       /opt/local/lib/gcc/avr/4.9.1/avr51/libgcc.a(_muluhisi3.o)
                                                  /opt/local/lib/gcc/avr/4.9.1/avr51/libgcc.a(_mulsi3.o)
                                                  ../../src/kernel/source/nrk_scheduler.o
                                                  ../../src/kernel/source/nrk_time.o
                                                  ../../src/kernel/source/nrk_stats.o
__stack                                           /opt/local/lib/gcc/avr/4.9.1/../../../../avr/lib/avr51/crtm128rfa1.o
__tablejump2__                                    /opt/local/lib/gcc/avr/4.9.1/avr51/libgcc.a(_tablejump.o)
                                                  ../../src/kernel/source/nrk_error.o
                                                  ../../src/platform/firefly3/source/ulib.o
__tablejump__                                     /opt/local/lib/gcc/avr/4.9.1/avr51/libgcc.a(_tablejump.o)
__udivdi3                                         /opt/local/lib/gcc/avr/4.9.1/avr51/libgcc.a(_udivdi3.o)
                                                  ../../src/kernel/source/nrk_time.o
__udivdi3_umoddi3                                 /opt/local/lib/gcc/avr/4.9.1/avr51/libgcc.a(_udivdi3.o)
__udivmod64                                       /opt/local/lib/gcc/avr/4.9.1/avr51/libgcc.a(_udivmod64.o)
                                                  /opt/local/lib/gcc/avr/4.9.1/avr51/libgcc.a(_udivdi3.o)
__udivmodsi4                                      /opt/local/lib/gcc/avr/4.9.1/avr51/libgcc.a(_udivmodsi4.o)
                                                  ../../src/kernel/source/nrk_scheduler.o
                                                  ../../src/kernel/source/nrk_time.o
                                                  ../../src/kernel/source/nrk_stats.o
__ultoa_invert                                    /opt/local/lib/gcc/avr/4.9.1/../../../../avr/lib/avr51/libc.a(ultoa_invert.o)
                                                  /opt/local/lib/gcc/avr/4.9.1/../../../../avr/lib/avr51/libprintf_min.a(vfprintf_min.o)
__umoddi3                                         /opt/local/lib/gcc/avr/4.9.1/avr51/libgcc.a(_udivdi3.o)
__umulhisi3                                       /opt/local/lib/gcc/avr/4.9.1/avr51/libgcc.a(_umulhisi3.o)
                                                  /opt/local/lib/gcc/avr/4.9.1/avr51/libgcc.a(_muluhisi3.o)
__vector_1                                        ../../src/kernel/hal/atmega128rfa1/nrk_ext_int.o
                                                  /opt/local/lib/gcc/avr/4.9.1/../../../../avr/lib/avr51/crtm128rfa1.o
__vector_10                                       /opt/local/lib/gcc/avr/4.9.1/../../../../avr/lib/avr51/crtm128rfa1.o
__vector_11                                       /opt/local/lib/gcc/avr/4.9.1/../../../../avr/lib/avr51/crtm128rfa1.o
__vector_12                                       /opt/local/lib/gcc/avr/4.9.1/../../../../avr/lib/avr51/crtm128rfa1.o
__vector_13                                       ../../src/kernel/hal/atmega128rfa1/nrk_timer.o
                                                  /opt/local/lib/gcc/avr/4.9.1/../../../../avr/lib/avr51/crtm128rfa1.o
__vector_14                                       /opt/local/lib/gcc/avr/4.9.1/../../../../avr/lib/avr51/crtm128rfa1.o
__vector_15                                       ../../src/kernel/hal/atmega128rfa1/nrk_timer.o
                                                  /opt/local/lib/gcc/avr/4.9.1/../../../../avr/lib/avr51/crtm128rfa1.o
__vector_16                                       /opt/local/lib/gcc/avr/4.9.1/../../../../avr/lib/avr51/crtm128rfa1.o
__vector_17                                       /opt/local/lib/gcc/avr/4.9.1/../../../../avr/lib/avr51/crtm128rfa1.o
__vector_18                                       /opt/local/lib/gcc/avr/4.9.1/../../../../avr/lib/avr51/crtm128rfa1.o
__vector_19                                       /opt/local/lib/gcc/avr/4.9.1/../../../../avr/lib/avr51/crtm128rfa1.o
__vector_2                                        ../../src/kernel/hal/atmega128rfa1/nrk_ext_int.o
                                                  /opt/local/lib/gcc/avr/4.9.1/../../../../avr/lib/avr51/crtm128rfa1.o
__vector_20                                       /opt/local/lib/gcc/avr/4.9.1/../../../../avr/lib/avr51/crtm128rfa1.o
__vector_21                                       /opt/local/lib/gcc/avr/4.9.1/../../../../avr/lib/avr51/crtm128rfa1.o
__vector_22                                       /opt/local/lib/gcc/avr/4.9.1/../../../../avr/lib/avr51/crtm128rfa1.o
__vector_23                                       /opt/local/lib/gcc/avr/4.9.1/../../../../avr/lib/avr51/crtm128rfa1.o
__vector_24                                       /opt/local/lib/gcc/avr/4.9.1/../../../../avr/lib/avr51/crtm128rfa1.o
__vector_25                                       /opt/local/lib/gcc/avr/4.9.1/../../../../avr/lib/avr51/crtm128rfa1.o